Archive member included to satisfy reference by file (symbol)

c:/ac6/systemworkbench/plugins/fr.ac6.mcu.externaltools.arm-none.win32_1.15.0.201708311556/tools/compiler/bin/../lib/gcc/arm-none-eabi/6.3.1/thumb/v7e-m/fpv4-sp/hard\libgcc.a(_aeabi_uldivmod.o)
                              Drivers/STM32F4xx_HAL_Driver/Src/stm32f4xx_hal_rcc.o (__aeabi_uldivmod)
c:/ac6/systemworkbench/plugins/fr.ac6.mcu.externaltools.arm-none.win32_1.15.0.201708311556/tools/compiler/bin/../lib/gcc/arm-none-eabi/6.3.1/thumb/v7e-m/fpv4-sp/hard\libgcc.a(_udivmoddi4.o)
                              c:/ac6/systemworkbench/plugins/fr.ac6.mcu.externaltools.arm-none.win32_1.15.0.201708311556/tools/compiler/bin/../lib/gcc/arm-none-eabi/6.3.1/thumb/v7e-m/fpv4-sp/hard\libgcc.a(_aeabi_uldivmod.o) (__udivmoddi4)
c:/ac6/systemworkbench/plugins/fr.ac6.mcu.externaltools.arm-none.win32_1.15.0.201708311556/tools/compiler/bin/../lib/gcc/arm-none-eabi/6.3.1/thumb/v7e-m/fpv4-sp/hard\libgcc.a(_dvmd_tls.o)
                              c:/ac6/systemworkbench/plugins/fr.ac6.mcu.externaltools.arm-none.win32_1.15.0.201708311556/tools/compiler/bin/../lib/gcc/arm-none-eabi/6.3.1/thumb/v7e-m/fpv4-sp/hard\libgcc.a(_aeabi_uldivmod.o) (__aeabi_ldiv0)
c:/ac6/systemworkbench/plugins/fr.ac6.mcu.externaltools.arm-none.win32_1.15.0.201708311556/tools/compiler/bin/../lib/gcc/arm-none-eabi/6.3.1/../../../../arm-none-eabi/lib/thumb/v7e-m/fpv4-sp/hard\libc_nano.a(lib_a-errno.o)
                              Src/syscalls.o (__errno)
c:/ac6/systemworkbench/plugins/fr.ac6.mcu.externaltools.arm-none.win32_1.15.0.201708311556/tools/compiler/bin/../lib/gcc/arm-none-eabi/6.3.1/../../../../arm-none-eabi/lib/thumb/v7e-m/fpv4-sp/hard\libc_nano.a(lib_a-exit.o)
                              c:/ac6/systemworkbench/plugins/fr.ac6.mcu.externaltools.arm-none.win32_1.15.0.201708311556/tools/compiler/bin/../lib/gcc/arm-none-eabi/6.3.1/../../../../arm-none-eabi/lib/thumb/v7e-m/fpv4-sp/hard/crt0.o (exit)
c:/ac6/systemworkbench/plugins/fr.ac6.mcu.externaltools.arm-none.win32_1.15.0.201708311556/tools/compiler/bin/../lib/gcc/arm-none-eabi/6.3.1/../../../../arm-none-eabi/lib/thumb/v7e-m/fpv4-sp/hard\libc_nano.a(lib_a-impure.o)
                              c:/ac6/systemworkbench/plugins/fr.ac6.mcu.externaltools.arm-none.win32_1.15.0.201708311556/tools/compiler/bin/../lib/gcc/arm-none-eabi/6.3.1/../../../../arm-none-eabi/lib/thumb/v7e-m/fpv4-sp/hard\libc_nano.a(lib_a-exit.o) (_global_impure_ptr)
c:/ac6/systemworkbench/plugins/fr.ac6.mcu.externaltools.arm-none.win32_1.15.0.201708311556/tools/compiler/bin/../lib/gcc/arm-none-eabi/6.3.1/../../../../arm-none-eabi/lib/thumb/v7e-m/fpv4-sp/hard\libc_nano.a(lib_a-init.o)
                              c:/ac6/systemworkbench/plugins/fr.ac6.mcu.externaltools.arm-none.win32_1.15.0.201708311556/tools/compiler/bin/../lib/gcc/arm-none-eabi/6.3.1/../../../../arm-none-eabi/lib/thumb/v7e-m/fpv4-sp/hard/crt0.o (__libc_init_array)
c:/ac6/systemworkbench/plugins/fr.ac6.mcu.externaltools.arm-none.win32_1.15.0.201708311556/tools/compiler/bin/../lib/gcc/arm-none-eabi/6.3.1/../../../../arm-none-eabi/lib/thumb/v7e-m/fpv4-sp/hard\libc_nano.a(lib_a-malloc.o)
                              Middlewares/ST/STM32_USB_Host_Library/Class/CDC/Src/usbh_cdc.o (malloc)
c:/ac6/systemworkbench/plugins/fr.ac6.mcu.externaltools.arm-none.win32_1.15.0.201708311556/tools/compiler/bin/../lib/gcc/arm-none-eabi/6.3.1/../../../../arm-none-eabi/lib/thumb/v7e-m/fpv4-sp/hard\libc_nano.a(lib_a-memset.o)
                              c:/ac6/systemworkbench/plugins/fr.ac6.mcu.externaltools.arm-none.win32_1.15.0.201708311556/tools/compiler/bin/../lib/gcc/arm-none-eabi/6.3.1/../../../../arm-none-eabi/lib/thumb/v7e-m/fpv4-sp/hard/crt0.o (memset)
c:/ac6/systemworkbench/plugins/fr.ac6.mcu.externaltools.arm-none.win32_1.15.0.201708311556/tools/compiler/bin/../lib/gcc/arm-none-eabi/6.3.1/../../../../arm-none-eabi/lib/thumb/v7e-m/fpv4-sp/hard\libc_nano.a(lib_a-nano-freer.o)
                              c:/ac6/systemworkbench/plugins/fr.ac6.mcu.externaltools.arm-none.win32_1.15.0.201708311556/tools/compiler/bin/../lib/gcc/arm-none-eabi/6.3.1/../../../../arm-none-eabi/lib/thumb/v7e-m/fpv4-sp/hard\libc_nano.a(lib_a-malloc.o) (_free_r)
c:/ac6/systemworkbench/plugins/fr.ac6.mcu.externaltools.arm-none.win32_1.15.0.201708311556/tools/compiler/bin/../lib/gcc/arm-none-eabi/6.3.1/../../../../arm-none-eabi/lib/thumb/v7e-m/fpv4-sp/hard\libc_nano.a(lib_a-nano-mallocr.o)
                              c:/ac6/systemworkbench/plugins/fr.ac6.mcu.externaltools.arm-none.win32_1.15.0.201708311556/tools/compiler/bin/../lib/gcc/arm-none-eabi/6.3.1/../../../../arm-none-eabi/lib/thumb/v7e-m/fpv4-sp/hard\libc_nano.a(lib_a-malloc.o) (_malloc_r)
c:/ac6/systemworkbench/plugins/fr.ac6.mcu.externaltools.arm-none.win32_1.15.0.201708311556/tools/compiler/bin/../lib/gcc/arm-none-eabi/6.3.1/../../../../arm-none-eabi/lib/thumb/v7e-m/fpv4-sp/hard\libc_nano.a(lib_a-sbrkr.o)
[...]
Memory Configuration

Name             Origin             Length             Attributes
RAM              0x20000000         0x00040000         xrw
FLASH            0x08000000         0x00100000         xr
*default*        0x00000000         0xffffffff

Linker script and memory map

LOAD c:/ac6/systemworkbench/plugins/fr.ac6.mcu.externaltools.arm-none.win32_1.15.0.201708311556/tools/compiler/bin/../lib/gcc/arm-none-eabi/6.3.1/thumb/v7e-m/fpv4-sp/hard/crti.o
LOAD c:/ac6/systemworkbench/plugins/fr.ac6.mcu.externaltools.arm-none.win32_1.15.0.201708311556/tools/compiler/bin/../lib/gcc/arm-none-eabi/6.3.1/thumb/v7e-m/fpv4-sp/hard/crtbegin.o
LOAD c:/ac6/systemworkbench/plugins/fr.ac6.mcu.externaltools.arm-none.win32_1.15.0.201708311556/tools/compiler/bin/../lib/gcc/arm-none-eabi/6.3.1/../../../../arm-none-eabi/lib/thumb/v7e-m/fpv4-sp/hard/crt0.o
LOAD Drivers/BSP/STM32412G-Discovery/stm32412g_discovery.o
LOAD Drivers/STM32F4xx_HAL_Driver/Src/stm32f4xx_hal.o
LOAD Drivers/STM32F4xx_HAL_Driver/Src/stm32f4xx_hal_cortex.o
LOAD Drivers/STM32F4xx_HAL_Driver/Src/stm32f4xx_hal_dma.o
LOAD Drivers/STM32F4xx_HAL_Driver/Src/stm32f4xx_hal_dma_ex.o
LOAD Drivers/STM32F4xx_HAL_Driver/Src/stm32f4xx_hal_exti.o
LOAD Drivers/STM32F4xx_HAL_Driver/Src/stm32f4xx_hal_flash.o
LOAD Drivers/STM32F4xx_HAL_Driver/Src/stm32f4xx_hal_flash_ex.o
LOAD Drivers/STM32F4xx_HAL_Driver/Src/stm32f4xx_hal_flash_ramfunc.o
LOAD Drivers/STM32F4xx_HAL_Driver/Src/stm32f4xx_hal_gpio.o
LOAD Drivers/STM32F4xx_HAL_Driver/Src/stm32f4xx_hal_hcd.o
LOAD Drivers/STM32F4xx_HAL_Driver/Src/stm32f4xx_hal_i2c.o
LOAD Drivers/STM32F4xx_HAL_Driver/Src/stm32f4xx_hal_i2c_ex.o
LOAD Drivers/STM32F4xx_HAL_Driver/Src/stm32f4xx_hal_i2s.o
LOAD Drivers/STM32F4xx_HAL_Driver/Src/stm32f4xx_hal_i2s_ex.o
LOAD Drivers/STM32F4xx_HAL_Driver/Src/stm32f4xx_hal_pwr.o
LOAD Drivers/STM32F4xx_HAL_Driver/Src/stm32f4xx_hal_pwr_ex.o
LOAD Drivers/STM32F4xx_HAL_Driver/Src/stm32f4xx_hal_qspi.o
LOAD Drivers/STM32F4xx_HAL_Driver/Src/stm32f4xx_hal_rcc.o
LOAD Drivers/STM32F4xx_HAL_Driver/Src/stm32f4xx_hal_rcc_ex.o
LOAD Drivers/STM32F4xx_HAL_Driver/Src/stm32f4xx_hal_sd.o
LOAD Drivers/STM32F4xx_HAL_Driver/Src/stm32f4xx_hal_sram.o
LOAD Drivers/STM32F4xx_HAL_Driver/Src/stm32f4xx_hal_tim.o
LOAD Drivers/STM32F4xx_HAL_Driver/Src/stm32f4xx_hal_tim_ex.o
LOAD Drivers/STM32F4xx_HAL_Driver/Src/stm32f4xx_hal_uart.o
LOAD Drivers/STM32F4xx_HAL_Driver/Src/stm32f4xx_ll_fsmc.o
LOAD Drivers/STM32F4xx_HAL_Driver/Src/stm32f4xx_ll_sdmmc.o
LOAD Drivers/STM32F4xx_HAL_Driver/Src/stm32f4xx_ll_usb.o
LOAD Middlewares/ST/STM32_USB_Host_Library/Class/CDC/Src/usbh_cdc.o
LOAD Middlewares/ST/STM32_USB_Host_Library/Core/Src/usbh_core.o
LOAD Middlewares/ST/STM32_USB_Host_Library/Core/Src/usbh_ctlreq.o
LOAD Middlewares/ST/STM32_USB_Host_Library/Core/Src/usbh_ioreq.o
LOAD Middlewares/ST/STM32_USB_Host_Library/Core/Src/usbh_pipes.o
LOAD Src/main.o
LOAD Src/stm32f4xx_hal_msp.o
LOAD Src/stm32f4xx_it.o
LOAD Src/syscalls.o
LOAD Src/system_stm32f4xx.o
LOAD Src/usb_host.o
LOAD Src/usbh_conf.o
LOAD Src/usbh_platform.o
LOAD startup/startup_stm32f412zx.o
LOAD c:/ac6/systemworkbench/plugins/fr.ac6.mcu.externaltools.arm-none.win32_1.15.0.201708311556/tools/compiler/bin/../lib/gcc/arm-none-eabi/6.3.1/../../../../arm-none-eabi/lib/thumb/v7e-m/fpv4-sp/hard\libm.a
START GROUP
LOAD c:/ac6/systemworkbench/plugins/fr.ac6.mcu.externaltools.arm-none.win32_1.15.0.201708311556/tools/compiler/bin/../lib/gcc/arm-none-eabi/6.3.1/thumb/v7e-m/fpv4-sp/hard\libgcc.a
LOAD c:/ac6/systemworkbench/plugins/fr.ac6.mcu.externaltools.arm-none.win32_1.15.0.201708311556/tools/compiler/bin/../lib/gcc/arm-none-eabi/6.3.1/../../../../arm-none-eabi/lib/thumb/v7e-m/fpv4-sp/hard\libc_nano.a
END GROUP
START GROUP
LOAD c:/ac6/systemworkbench/plugins/fr.ac6.mcu.externaltools.arm-none.win32_1.15.0.201708311556/tools/compiler/bin/../lib/gcc/arm-none-eabi/6.3.1/thumb/v7e-m/fpv4-sp/hard\libgcc.a
LOAD c:/ac6/systemworkbench/plugins/fr.ac6.mcu.externaltools.arm-none.win32_1.15.0.201708311556/tools/compiler/bin/../lib/gcc/arm-none-eabi/6.3.1/../../../../arm-none-eabi/lib/thumb/v7e-m/fpv4-sp/hard\libc_nano.a
LOAD c:/ac6/systemworkbench/plugins/fr.ac6.mcu.externaltools.arm-none.win32_1.15.0.201708311556/tools/compiler/bin/../lib/gcc/arm-none-eabi/6.3.1/../../../../arm-none-eabi/lib/thumb/v7e-m/fpv4-sp/hard\libnosys.a
END GROUP
START GROUP
LOAD c:/ac6/systemworkbench/plugins/fr.ac6.mcu.externaltools.arm-none.win32_1.15.0.201708311556/tools/compiler/bin/../lib/gcc/arm-none-eabi/6.3.1/thumb/v7e-m/fpv4-sp/hard\libgcc.a
LOAD c:/ac6/systemworkbench/plugins/fr.ac6.mcu.externaltools.arm-none.win32_1.15.0.201708311556/tools/compiler/bin/../lib/gcc/arm-none-eabi/6.3.1/../../../../arm-none-eabi/lib/thumb/v7e-m/fpv4-sp/hard\libc_nano.a
LOAD c:/ac6/systemworkbench/plugins/fr.ac6.mcu.externaltools.arm-none.win32_1.15.0.201708311556/tools/compiler/bin/../lib/gcc/arm-none-eabi/6.3.1/../../../../arm-none-eabi/lib/thumb/v7e-m/fpv4-sp/hard\libnosys.a
END GROUP
LOAD c:/ac6/systemworkbench/plugins/fr.ac6.mcu.externaltools.arm-none.win32_1.15.0.201708311556/tools/compiler/bin/../lib/gcc/arm-none-eabi/6.3.1/thumb/v7e-m/fpv4-sp/hard/crtend.o
LOAD c:/ac6/systemworkbench/plugins/fr.ac6.mcu.externaltools.arm-none.win32_1.15.0.201708311556/tools/compiler/bin/../lib/gcc/arm-none-eabi/6.3.1/thumb/v7e-m/fpv4-sp/hard/crtn.o
                0x20040000                _estack = 0x20040000
                0x00000200                _Min_Heap_Size = 0x200
                0x00000400                _Min_Stack_Size = 0x400

.isr_vector     0x08000000      0x1c4
                0x08000000                . = ALIGN (0x4)
 *(.isr_vector)
 .isr_vector    0x08000000      0x1c4 startup/startup_stm32f412zx.o
                0x08000000                g_pfnVectors
                0x080001c4                . = ALIGN (0x4)

.text           0x080001c4     0x6120
                0x080001c4                . = ALIGN (0x4)
 *(.text)
 .text          0x080001c4       0x6c c:/ac6/systemworkbench/plugins/fr.ac6.mcu.externaltools.arm-none.win32_1.15.0.201708311556/tools/compiler/bin/../lib/gcc/arm-none-eabi/6.3.1/thumb/v7e-m/fpv4-sp/hard/crtbegin.o
 .text          0x08000230       0x30 c:/ac6/systemworkbench/plugins/fr.ac6.mcu.externaltools.arm-none.win32_1.15.0.201708311556/tools/compiler/bin/../lib/gcc/arm-none-eabi/6.3.1/thumb/v7e-m/fpv4-sp/hard\libgcc.a(_aeabi_uldivmod.o)
                0x08000230                __aeabi_uldivmod
 .text          0x08000260      0x2dc c:/ac6/systemworkbench/plugins/fr.ac6.mcu.externaltools.arm-none.win32_1.15.0.201708311556/tools/compiler/bin/../lib/gcc/arm-none-eabi/6.3.1/thumb/v7e-m/fpv4-sp/hard\libgcc.a(_udivmoddi4.o)
                0x08000260                __udivmoddi4
 .text          0x0800053c        0x4 c:/ac6/systemworkbench/plugins/fr.ac6.mcu.externaltools.arm-none.win32_1.15.0.201708311556/tools/compiler/bin/../lib/gcc/arm-none-eabi/6.3.1/thumb/v7e-m/fpv4-sp/hard\libgcc.a(_dvmd_tls.o)
                0x0800053c                __aeabi_idiv0
                0x0800053c                __aeabi_ldiv0
 *(.text*)
 .text.BSP_LED_Init
                0x08000540       0x54 Drivers/BSP/STM32412G-Discovery/stm32412g_discovery.o
                0x08000540                BSP_LED_Init
 .text.BSP_LED_On
                0x08000594       0x1c Drivers/BSP/STM32412G-Discovery/stm32412g_discovery.o
                0x08000594                BSP_LED_On
 .text.BSP_LED_Toggle
                0x080005b0       0x18 Drivers/BSP/STM32412G-Discovery/stm32412g_discovery.o
                0x080005b0                BSP_LED_Toggle
 .text.HAL_InitTick
                0x080005c8       0x48 Drivers/STM32F4xx_HAL_Driver/Src/stm32f4xx_hal.o
                0x080005c8                HAL_InitTick
 .text.HAL_Init
                0x08000610       0x34 Drivers/STM32F4xx_HAL_Driver/Src/stm32f4xx_hal.o
                0x08000610                HAL_Init
 .text.HAL_IncTick
                0x08000644       0x18 Drivers/STM32F4xx_HAL_Driver/Src/stm32f4xx_hal.o
                0x08000644                HAL_IncTick
 .text.HAL_GetTick
                0x0800065c        0xc Drivers/STM32F4xx_HAL_Driver/Src/stm32f4xx_hal.o
                0x0800065c                HAL_GetTick
 .text.HAL_Delay
                0x08000668       0x28 Drivers/STM32F4xx_HAL_Driver/Src/stm32f4xx_hal.o
                0x08000668                HAL_Delay
 .text.HAL_NVIC_SetPriorityGrouping
                0x08000690       0x24 Drivers/STM32F4xx_HAL_Driver/Src/stm32f4xx_hal_cortex.o
                0x08000690                HAL_NVIC_SetPriorityGrouping
 .text.HAL_NVIC_SetPriority
                0x080006b4       0x64 Drivers/STM32F4xx_HAL_Driver/Src/stm32f4xx_hal_cortex.o
                0x080006b4                HAL_NVIC_SetPriority
 .text.HAL_NVIC_EnableIRQ
                0x08000718       0x1c Drivers/STM32F4xx_HAL_Driver/Src/stm32f4xx_hal_cortex.o
                0x08000718                HAL_NVIC_EnableIRQ
 .text.HAL_SYSTICK_Config
                0x08000734       0x2c Drivers/STM32F4xx_HAL_Driver/Src/stm32f4xx_hal_cortex.o
                0x08000734                HAL_SYSTICK_Config
 .text.HAL_GPIO_Init
                0x08000760      0x1d4 Drivers/STM32F4xx_HAL_Driver/Src/stm32f4xx_hal_gpio.o
                0x08000760                HAL_GPIO_Init
 .text.HAL_GPIO_WritePin
                0x08000934        0xc Drivers/STM32F4xx_HAL_Driver/Src/stm32f4xx_hal_gpio.o
                0x08000934                HAL_GPIO_WritePin
 .text.HAL_GPIO_TogglePin
                0x08000940       0x12 Drivers/STM32F4xx_HAL_Driver/Src/stm32f4xx_hal_gpio.o
                0x08000940                HAL_GPIO_TogglePin
 *fill*         0x08000952        0x2 
 .text.HCD_RXQLVL_IRQHandler
                0x08000954       0x7c Drivers/STM32F4xx_HAL_Driver/Src/stm32f4xx_hal_hcd.o
 .text.HAL_HCD_HC_Init
                0x080009d0       0xa0 Drivers/STM32F4xx_HAL_Driver/Src/stm32f4xx_hal_hcd.o
                0x080009d0                HAL_HCD_HC_Init
 .text.HAL_HCD_HC_Halt
                0x08000a70       0x24 Drivers/STM32F4xx_HAL_Driver/Src/stm32f4xx_hal_hcd.o
                0x08000a70                HAL_HCD_HC_Halt
 .text.HAL_HCD_Init
                0x08000a94       0x94 Drivers/STM32F4xx_HAL_Driver/Src/stm32f4xx_hal_hcd.o
                0x08000a94                HAL_HCD_Init
 .text.HAL_HCD_HC_SubmitRequest
                0x08000b28      0x196 Drivers/STM32F4xx_HAL_Driver/Src/stm32f4xx_hal_hcd.o
                0x08000b28                HAL_HCD_HC_SubmitRequest
 .text.HCD_Port_IRQHandler
                0x08000cbe       0xb0 Drivers/STM32F4xx_HAL_Driver/Src/stm32f4xx_hal_hcd.o
 .text.HCD_HC_IN_IRQHandler
                0x08000d6e      0x32a Drivers/STM32F4xx_HAL_Driver/Src/stm32f4xx_hal_hcd.o
 .text.HCD_HC_OUT_IRQHandler
                0x08001098      0x2c0 Drivers/STM32F4xx_HAL_Driver/Src/stm32f4xx_hal_hcd.o
 .text.HAL_HCD_IRQHandler
                0x08001358      0x150 Drivers/STM32F4xx_HAL_Driver/Src/stm32f4xx_hal_hcd.o
                0x08001358                HAL_HCD_IRQHandler
 .text.HAL_HCD_Start
                0x080014a8       0x2c Drivers/STM32F4xx_HAL_Driver/Src/stm32f4xx_hal_hcd.o
                0x080014a8                HAL_HCD_Start
 .text.HAL_HCD_Stop
                0x080014d4       0x24 Drivers/STM32F4xx_HAL_Driver/Src/stm32f4xx_hal_hcd.o
                0x080014d4                HAL_HCD_Stop
 .text.HAL_HCD_ResetPort
                0x080014f8        0xa Drivers/STM32F4xx_HAL_Driver/Src/stm32f4xx_hal_hcd.o
                0x080014f8                HAL_HCD_ResetPort
 .text.HAL_HCD_HC_GetURBState
                0x08001502        0xe Drivers/STM32F4xx_HAL_Driver/Src/stm32f4xx_hal_hcd.o
                0x08001502                HAL_HCD_HC_GetURBState
 .text.HAL_HCD_HC_GetXferCount
                0x08001510        0xc Drivers/STM32F4xx_HAL_Driver/Src/stm32f4xx_hal_hcd.o
                0x08001510                HAL_HCD_HC_GetXferCount
 .text.HAL_HCD_GetCurrentFrame
                0x0800151c        0xa Drivers/STM32F4xx_HAL_Driver/Src/stm32f4xx_hal_hcd.o
                0x0800151c                HAL_HCD_GetCurrentFrame
 .text.HAL_HCD_GetCurrentSpeed
                0x08001526        0xa Drivers/STM32F4xx_HAL_Driver/Src/stm32f4xx_hal_hcd.o
                0x08001526                HAL_HCD_GetCurrentSpeed
 .text.HAL_I2C_Init
                0x08001530      0x1b4 Drivers/STM32F4xx_HAL_Driver/Src/stm32f4xx_hal_i2c.o
                0x08001530                HAL_I2C_Init
 .text.HAL_I2S_Init
                0x080016e4      0x1cc Drivers/STM32F4xx_HAL_Driver/Src/stm32f4xx_hal_i2s.o
                0x080016e4                HAL_I2S_Init
 .text.HAL_I2S_TxCpltCallback
                0x080018b0        0x2 Drivers/STM32F4xx_HAL_Driver/Src/stm32f4xx_hal_i2s.o
                0x080018b0                HAL_I2S_TxCpltCallback
 .text.I2S_Transmit_IT
                0x080018b2       0x38 Drivers/STM32F4xx_HAL_Driver/Src/stm32f4xx_hal_i2s.o
 .text.HAL_I2S_RxCpltCallback
                0x080018ea        0x2 Drivers/STM32F4xx_HAL_Driver/Src/stm32f4xx_hal_i2s.o
                0x080018ea                HAL_I2S_RxCpltCallback
 .text.I2S_Receive_IT
                0x080018ec       0x38 Drivers/STM32F4xx_HAL_Driver/Src/stm32f4xx_hal_i2s.o
 .text.HAL_I2S_ErrorCallback
                0x08001924        0x2 Drivers/STM32F4xx_HAL_Driver/Src/stm32f4xx_hal_i2s.o
                0x08001924                HAL_I2S_ErrorCallback
 .text.I2S_IRQHandler
                0x08001926       0xd0 Drivers/STM32F4xx_HAL_Driver/Src/stm32f4xx_hal_i2s.o
 .text.HAL_I2SEx_TxRxCpltCallback
                0x080019f6        0x2 Drivers/STM32F4xx_HAL_Driver/Src/stm32f4xx_hal_i2s_ex.o
                0x080019f6                HAL_I2SEx_TxRxCpltCallback
 .text.I2SEx_TxISR_I2S
                0x080019f8       0x3c Drivers/STM32F4xx_HAL_Driver/Src/stm32f4xx_hal_i2s_ex.o
 .text.I2SEx_RxISR_I2SExt
                0x08001a34       0x64 Drivers/STM32F4xx_HAL_Driver/Src/stm32f4xx_hal_i2s_ex.o
 .text.I2SEx_TxISR_I2SExt
                0x08001a98       0x60 Drivers/STM32F4xx_HAL_Driver/Src/stm32f4xx_hal_i2s_ex.o
 .text.I2SEx_RxISR_I2S
                0x08001af8       0x3c Drivers/STM32F4xx_HAL_Driver/Src/stm32f4xx_hal_i2s_ex.o
 .text.HAL_I2SEx_FullDuplex_IRQHandler
                0x08001b34      0x1d8 Drivers/STM32F4xx_HAL_Driver/Src/stm32f4xx_hal_i2s_ex.o
                0x08001b34                HAL_I2SEx_FullDuplex_IRQHandler
 .text.QSPI_WaitFlagStateUntilTimeout
                0x08001d0c       0x4e Drivers/STM32F4xx_HAL_Driver/Src/stm32f4xx_hal_qspi.o
 .text.HAL_QSPI_SetTimeout
                0x08001d5a        0x4 Drivers/STM32F4xx_HAL_Driver/Src/stm32f4xx_hal_qspi.o
                0x08001d5a                HAL_QSPI_SetTimeout
 *fill*         0x08001d5e        0x2 
 .text.HAL_QSPI_Init
                0x08001d60       0xb4 Drivers/STM32F4xx_HAL_Driver/Src/stm32f4xx_hal_qspi.o
                0x08001d60                HAL_QSPI_Init
 .text.HAL_RCC_MCOConfig
                0x08001e14       0x9c Drivers/STM32F4xx_HAL_Driver/Src/stm32f4xx_hal_rcc.o
                0x08001e14                HAL_RCC_MCOConfig
 .text.HAL_RCC_GetSysClockFreq
                0x08001eb0       0xd4 Drivers/STM32F4xx_HAL_Driver/Src/stm32f4xx_hal_rcc.o
                0x08001eb0                HAL_RCC_GetSysClockFreq
 .text.HAL_RCC_ClockConfig
                0x08001f84      0x160 Drivers/STM32F4xx_HAL_Driver/Src/stm32f4xx_hal_rcc.o
                0x08001f84                HAL_RCC_ClockConfig
 .text.HAL_RCC_GetHCLKFreq
                0x080020e4        0xc Drivers/STM32F4xx_HAL_Driver/Src/stm32f4xx_hal_rcc.o
                0x080020e4                HAL_RCC_GetHCLKFreq
 .text.HAL_RCC_GetPCLK1Freq
                0x080020f0       0x20 Drivers/STM32F4xx_HAL_Driver/Src/stm32f4xx_hal_rcc.o
                0x080020f0                HAL_RCC_GetPCLK1Freq
 .text.HAL_RCC_GetPCLK2Freq
                0x08002110       0x20 Drivers/STM32F4xx_HAL_Driver/Src/stm32f4xx_hal_rcc.o
                0x08002110                HAL_RCC_GetPCLK2Freq
 .text.HAL_RCCEx_PeriphCLKConfig
                0x08002130      0x2bc Drivers/STM32F4xx_HAL_Driver/Src/stm32f4xx_hal_rcc_ex.o
                0x08002130                HAL_RCCEx_PeriphCLKConfig
 .text.HAL_RCCEx_GetPeriphCLKFreq
                0x080023ec      0x1e8 Drivers/STM32F4xx_HAL_Driver/Src/stm32f4xx_hal_rcc_ex.o
                0x080023ec                HAL_RCCEx_GetPeriphCLKFreq
 .text.HAL_RCC_OscConfig
                0x080025d4      0x390 Drivers/STM32F4xx_HAL_Driver/Src/stm32f4xx_hal_rcc_ex.o
                0x080025d4                HAL_RCC_OscConfig
 .text.SD_PowerON
                0x08002964       0xc0 Drivers/STM32F4xx_HAL_Driver/Src/stm32f4xx_hal_sd.o
 .text.SD_FindSCR
                0x08002a24      0x106 Drivers/STM32F4xx_HAL_Driver/Src/stm32f4xx_hal_sd.o
 .text.SD_WideBus_Enable
                0x08002b2a       0x5a Drivers/STM32F4xx_HAL_Driver/Src/stm32f4xx_hal_sd.o
 .text.SD_WideBus_Disable
                0x08002b84       0x5a Drivers/STM32F4xx_HAL_Driver/Src/stm32f4xx_hal_sd.o
 *fill*         0x08002bde        0x2 
 .text.HAL_SD_GetCardCSD
                0x08002be0      0x1bc Drivers/STM32F4xx_HAL_Driver/Src/stm32f4xx_hal_sd.o
                0x08002be0                HAL_SD_GetCardCSD
 .text.SD_InitCard
                0x08002d9c       0xfc Drivers/STM32F4xx_HAL_Driver/Src/stm32f4xx_hal_sd.o
 .text.HAL_SD_InitCard
                0x08002e98       0x7c Drivers/STM32F4xx_HAL_Driver/Src/stm32f4xx_hal_sd.o
                0x08002e98                HAL_SD_InitCard
 .text.HAL_SD_Init
                0x08002f14       0x3e Drivers/STM32F4xx_HAL_Driver/Src/stm32f4xx_hal_sd.o
                0x08002f14                HAL_SD_Init
 *fill*         0x08002f52        0x2 
 .text.HAL_SD_ConfigWideBusOperation
                0x08002f54       0xa4 Drivers/STM32F4xx_HAL_Driver/Src/stm32f4xx_hal_sd.o
                0x08002f54                HAL_SD_ConfigWideBusOperation
 .text.HAL_SRAM_Init
                0x08002ff8       0x52 Drivers/STM32F4xx_HAL_Driver/Src/stm32f4xx_hal_sram.o
                0x08002ff8                HAL_SRAM_Init
 *fill*         0x0800304a        0x2 
 .text.UART_SetConfig
                0x0800304c      0x1d4 Drivers/STM32F4xx_HAL_Driver/Src/stm32f4xx_hal_uart.o
 .text.UART_WaitOnFlagUntilTimeout
                0x08003220       0x64 Drivers/STM32F4xx_HAL_Driver/Src/stm32f4xx_hal_uart.o
 .text.HAL_UART_Init
                0x08003284       0x5e Drivers/STM32F4xx_HAL_Driver/Src/stm32f4xx_hal_uart.o
                0x08003284                HAL_UART_Init
 .text.HAL_UART_Transmit
                0x080032e2       0xe4 Drivers/STM32F4xx_HAL_Driver/Src/stm32f4xx_hal_uart.o
                0x080032e2                HAL_UART_Transmit
 *fill*         0x080033c6        0x2 
 .text.FSMC_NORSRAM_Init
                0x080033c8       0x80 Drivers/STM32F4xx_HAL_Driver/Src/stm32f4xx_ll_fsmc.o
                0x080033c8                FSMC_NORSRAM_Init
 .text.FSMC_NORSRAM_Timing_Init
                0x08003448       0x58 Drivers/STM32F4xx_HAL_Driver/Src/stm32f4xx_ll_fsmc.o
                0x08003448                FSMC_NORSRAM_Timing_Init
 .text.FSMC_NORSRAM_Extended_Timing_Init
                0x080034a0       0x44 Drivers/STM32F4xx_HAL_Driver/Src/stm32f4xx_ll_fsmc.o
                0x080034a0                FSMC_NORSRAM_Extended_Timing_Init
 .text.SDMMC_GetCmdError
                0x080034e4       0x38 Drivers/STM32F4xx_HAL_Driver/Src/stm32f4xx_ll_sdmmc.o
 .text.SDMMC_GetCmdResp2
                0x0800351c       0x60 Drivers/STM32F4xx_HAL_Driver/Src/stm32f4xx_ll_sdmmc.o
 .text.SDMMC_GetCmdResp3
                0x0800357c       0x50 Drivers/STM32F4xx_HAL_Driver/Src/stm32f4xx_ll_sdmmc.o
 .text.SDMMC_GetCmdResp7
                0x080035cc       0x6c Drivers/STM32F4xx_HAL_Driver/Src/stm32f4xx_ll_sdmmc.o
 .text.SDIO_Init
                0x08003638       0x38 Drivers/STM32F4xx_HAL_Driver/Src/stm32f4xx_ll_sdmmc.o
                0x08003638                SDIO_Init
 .text.SDIO_ReadFIFO
                0x08003670        0x6 Drivers/STM32F4xx_HAL_Driver/Src/stm32f4xx_ll_sdmmc.o
                0x08003670                SDIO_ReadFIFO
 .text.SDIO_PowerState_ON
                0x08003676       0x10 Drivers/STM32F4xx_HAL_Driver/Src/stm32f4xx_ll_sdmmc.o
                0x08003676                SDIO_PowerState_ON
 .text.SDIO_GetPowerState
                0x08003686        0x8 Drivers/STM32F4xx_HAL_Driver/Src/stm32f4xx_ll_sdmmc.o
                0x08003686                SDIO_GetPowerState
 .text.SDIO_SendCommand
                0x0800368e       0x24 Drivers/STM32F4xx_HAL_Driver/Src/stm32f4xx_ll_sdmmc.o
                0x0800368e                SDIO_SendCommand
 .text.SDIO_GetCommandResponse
                0x080036b2        0x6 Drivers/STM32F4xx_HAL_Driver/Src/stm32f4xx_ll_sdmmc.o
                0x080036b2                SDIO_GetCommandResponse
 .text.SDIO_GetResponse
                0x080036b8        0x6 Drivers/STM32F4xx_HAL_Driver/Src/stm32f4xx_ll_sdmmc.o
                0x080036b8                SDIO_GetResponse
 *fill*         0x080036be        0x2 
 .text.SDMMC_GetCmdResp1
                0x080036c0      0x158 Drivers/STM32F4xx_HAL_Driver/Src/stm32f4xx_ll_sdmmc.o
 .text.SDMMC_GetCmdResp6
                0x08003818       0xa4 Drivers/STM32F4xx_HAL_Driver/Src/stm32f4xx_ll_sdmmc.o
 .text.SDIO_ConfigData
                0x080038bc       0x24 Drivers/STM32F4xx_HAL_Driver/Src/stm32f4xx_ll_sdmmc.o
                0x080038bc                SDIO_ConfigData
 .text.SDMMC_CmdBlockLength
                0x080038e0       0x30 Drivers/STM32F4xx_HAL_Driver/Src/stm32f4xx_ll_sdmmc.o
                0x080038e0                SDMMC_CmdBlockLength
 .text.SDMMC_CmdSelDesel
                0x08003910       0x30 Drivers/STM32F4xx_HAL_Driver/Src/stm32f4xx_ll_sdmmc.o
                0x08003910                SDMMC_CmdSelDesel
 .text.SDMMC_CmdGoIdleState
                0x08003940       0x26 Drivers/STM32F4xx_HAL_Driver/Src/stm32f4xx_ll_sdmmc.o
                0x08003940                SDMMC_CmdGoIdleState
 .text.SDMMC_CmdOperCond
                0x08003966       0x2e Drivers/STM32F4xx_HAL_Driver/Src/stm32f4xx_ll_sdmmc.o
                0x08003966                SDMMC_CmdOperCond
 .text.SDMMC_CmdAppCommand
                0x08003994       0x30 Drivers/STM32F4xx_HAL_Driver/Src/stm32f4xx_ll_sdmmc.o
                0x08003994                SDMMC_CmdAppCommand
 .text.SDMMC_CmdAppOperCommand
                0x080039c4       0x32 Drivers/STM32F4xx_HAL_Driver/Src/stm32f4xx_ll_sdmmc.o
                0x080039c4                SDMMC_CmdAppOperCommand
 .text.SDMMC_CmdBusWidth
                0x080039f6       0x30 Drivers/STM32F4xx_HAL_Driver/Src/stm32f4xx_ll_sdmmc.o
                0x080039f6                SDMMC_CmdBusWidth
 .text.SDMMC_CmdSendSCR
                0x08003a26       0x30 Drivers/STM32F4xx_HAL_Driver/Src/stm32f4xx_ll_sdmmc.o
                0x08003a26                SDMMC_CmdSendSCR
 .text.SDMMC_CmdSendCID
                0x08003a56       0x2a Drivers/STM32F4xx_HAL_Driver/Src/stm32f4xx_ll_sdmmc.o
                0x08003a56                SDMMC_CmdSendCID
 .text.SDMMC_CmdSendCSD
                0x08003a80       0x2a Drivers/STM32F4xx_HAL_Driver/Src/stm32f4xx_ll_sdmmc.o
                0x08003a80                SDMMC_CmdSendCSD
 .text.SDMMC_CmdSetRelAdd
                0x08003aaa       0x30 Drivers/STM32F4xx_HAL_Driver/Src/stm32f4xx_ll_sdmmc.o
                0x08003aaa                SDMMC_CmdSetRelAdd
 *fill*         0x08003ada        0x2 
 .text.USB_CoreReset
                0x08003adc       0x3c Drivers/STM32F4xx_HAL_Driver/Src/stm32f4xx_ll_usb.o
 .text.USB_CoreInit
                0x08003b18       0x8a Drivers/STM32F4xx_HAL_Driver/Src/stm32f4xx_ll_usb.o
                0x08003b18                USB_CoreInit
 .text.USB_EnableGlobalInt
                0x08003ba2        0xc Drivers/STM32F4xx_HAL_Driver/Src/stm32f4xx_ll_usb.o
                0x08003ba2                USB_EnableGlobalInt
 .text.USB_DisableGlobalInt
                0x08003bae        0xc Drivers/STM32F4xx_HAL_Driver/Src/stm32f4xx_ll_usb.o
                0x08003bae                USB_DisableGlobalInt
 .text.USB_SetCurrentMode
                0x08003bba       0x30 Drivers/STM32F4xx_HAL_Driver/Src/stm32f4xx_ll_usb.o
                0x08003bba                USB_SetCurrentMode
 *fill*         0x08003bea        0x2 
 .text.USB_FlushTxFifo
                0x08003bec       0x28 Drivers/STM32F4xx_HAL_Driver/Src/stm32f4xx_ll_usb.o
                0x08003bec                USB_FlushTxFifo
 .text.USB_FlushRxFifo
                0x08003c14       0x24 Drivers/STM32F4xx_HAL_Driver/Src/stm32f4xx_ll_usb.o
                0x08003c14                USB_FlushRxFifo
 .text.USB_WritePacket
                0x08003c38       0x28 Drivers/STM32F4xx_HAL_Driver/Src/stm32f4xx_ll_usb.o
                0x08003c38                USB_WritePacket
 .text.USB_ReadPacket
                0x08003c60       0x28 Drivers/STM32F4xx_HAL_Driver/Src/stm32f4xx_ll_usb.o
                0x08003c60                USB_ReadPacket
 .text.USB_ReadInterrupts
                0x08003c88        0x8 Drivers/STM32F4xx_HAL_Driver/Src/stm32f4xx_ll_usb.o
                0x08003c88                USB_ReadInterrupts
 .text.USB_GetMode
                0x08003c90        0x8 Drivers/STM32F4xx_HAL_Driver/Src/stm32f4xx_ll_usb.o
                0x08003c90                USB_GetMode
 .text.USB_InitFSLSPClkSel
                0x08003c98       0x40 Drivers/STM32F4xx_HAL_Driver/Src/stm32f4xx_ll_usb.o
                0x08003c98                USB_InitFSLSPClkSel
 .text.USB_ResetPort
                0x08003cd8       0x3e Drivers/STM32F4xx_HAL_Driver/Src/stm32f4xx_ll_usb.o
                0x08003cd8                USB_ResetPort
 .text.USB_DriveVbus
                0x08003d16       0x46 Drivers/STM32F4xx_HAL_Driver/Src/stm32f4xx_ll_usb.o
                0x08003d16                USB_DriveVbus
 .text.USB_HostInit
                0x08003d5c       0xf4 Drivers/STM32F4xx_HAL_Driver/Src/stm32f4xx_ll_usb.o
                0x08003d5c                USB_HostInit
 .text.USB_GetHostSpeed
                0x08003e50       0x16 Drivers/STM32F4xx_HAL_Driver/Src/stm32f4xx_ll_usb.o
                0x08003e50                USB_GetHostSpeed
 .text.USB_GetCurrentFrame
                0x08003e66        0xa Drivers/STM32F4xx_HAL_Driver/Src/stm32f4xx_ll_usb.o
                0x08003e66                USB_GetCurrentFrame
 .text.USB_HC_Init
                0x08003e70      0x104 Drivers/STM32F4xx_HAL_Driver/Src/stm32f4xx_ll_usb.o
                0x08003e70                USB_HC_Init
 .text.USB_HC_ReadInterrupt
                0x08003f74        0xa Drivers/STM32F4xx_HAL_Driver/Src/stm32f4xx_ll_usb.o
                0x08003f74                USB_HC_ReadInterrupt
 .text.USB_HC_Halt
                0x08003f7e       0xd0 Drivers/STM32F4xx_HAL_Driver/Src/stm32f4xx_ll_usb.o
                0x08003f7e                USB_HC_Halt
 *fill*         0x0800404e        0x2 
 .text.USB_DoPing
                0x08004050       0x24 Drivers/STM32F4xx_HAL_Driver/Src/stm32f4xx_ll_usb.o
                0x08004050                USB_DoPing
 .text.USB_HC_StartXfer
                0x08004074      0x158 Drivers/STM32F4xx_HAL_Driver/Src/stm32f4xx_ll_usb.o
                0x08004074                USB_HC_StartXfer
 .text.USB_StopHost
                0x080041cc       0x7e Drivers/STM32F4xx_HAL_Driver/Src/stm32f4xx_ll_usb.o
                0x080041cc                USB_StopHost
 .text.USBH_CDC_SOFProcess
                0x0800424a        0x4 Middlewares/ST/STM32_USB_Host_Library/Class/CDC/Src/usbh_cdc.o
 .text.SetLineCoding
                0x0800424e       0x1a Middlewares/ST/STM32_USB_Host_Library/Class/CDC/Src/usbh_cdc.o
 .text.GetLineCoding
                0x08004268       0x1a Middlewares/ST/STM32_USB_Host_Library/Class/CDC/Src/usbh_cdc.o
 .text.USBH_CDC_ClassRequest
                0x08004282       0x24 Middlewares/ST/STM32_USB_Host_Library/Class/CDC/Src/usbh_cdc.o
 .text.USBH_CDC_InterfaceDeInit
                0x080042a6       0x68 Middlewares/ST/STM32_USB_Host_Library/Class/CDC/Src/usbh_cdc.o
 .text.USBH_CDC_InterfaceInit
                0x0800430e      0x17a Middlewares/ST/STM32_USB_Host_Library/Class/CDC/Src/usbh_cdc.o
 .text.USBH_CDC_TransmitCallback
                0x08004488        0x2 Middlewares/ST/STM32_USB_Host_Library/Class/CDC/Src/usbh_cdc.o
                0x08004488                USBH_CDC_TransmitCallback
 .text.CDC_ProcessTransmission
                0x0800448a       0x94 Middlewares/ST/STM32_USB_Host_Library/Class/CDC/Src/usbh_cdc.o
 .text.USBH_CDC_ReceiveCallback
                0x0800451e        0x2 Middlewares/ST/STM32_USB_Host_Library/Class/CDC/Src/usbh_cdc.o
                0x0800451e                USBH_CDC_ReceiveCallback
 .text.CDC_ProcessReception
                0x08004520       0x6a Middlewares/ST/STM32_USB_Host_Library/Class/CDC/Src/usbh_cdc.o
 .text.USBH_CDC_LineCodingChanged
                0x0800458a        0x2 Middlewares/ST/STM32_USB_Host_Library/Class/CDC/Src/usbh_cdc.o
                0x0800458a                USBH_CDC_LineCodingChanged
 .text.USBH_CDC_Process
                0x0800458c       0xb8 Middlewares/ST/STM32_USB_Host_Library/Class/CDC/Src/usbh_cdc.o
 .text.DeInitStateMachine
                0x08004644       0x54 Middlewares/ST/STM32_USB_Host_Library/Core/Src/usbh_core.o
 .text.USBH_HandleSof
                0x08004698       0x1a Middlewares/ST/STM32_USB_Host_Library/Core/Src/usbh_core.o
 .text.USBH_HandleEnum
                0x080046b2      0x276 Middlewares/ST/STM32_USB_Host_Library/Core/Src/usbh_core.o
 .text.USBH_Init
                0x08004928       0x3e Middlewares/ST/STM32_USB_Host_Library/Core/Src/usbh_core.o
                0x08004928                USBH_Init
 .text.USBH_RegisterClass
                0x08004966       0x22 Middlewares/ST/STM32_USB_Host_Library/Core/Src/usbh_core.o
                0x08004966                USBH_RegisterClass
 .text.USBH_SelectInterface
                0x08004988       0x14 Middlewares/ST/STM32_USB_Host_Library/Core/Src/usbh_core.o
                0x08004988                USBH_SelectInterface
 .text.USBH_FindInterface
                0x0800499c       0x52 Middlewares/ST/STM32_USB_Host_Library/Core/Src/usbh_core.o
                0x0800499c                USBH_FindInterface
 .text.USBH_Start
                0x080049ee       0x14 Middlewares/ST/STM32_USB_Host_Library/Core/Src/usbh_core.o
                0x080049ee                USBH_Start
 .text.USBH_Process
                0x08004a02      0x27e Middlewares/ST/STM32_USB_Host_Library/Core/Src/usbh_core.o
                0x08004a02                USBH_Process
 .text.USBH_LL_SetTimer
                0x08004c80        0x6 Middlewares/ST/STM32_USB_Host_Library/Core/Src/usbh_core.o
                0x08004c80                USBH_LL_SetTimer
 .text.USBH_LL_IncTimer
                0x08004c86       0x12 Middlewares/ST/STM32_USB_Host_Library/Core/Src/usbh_core.o
                0x08004c86                USBH_LL_IncTimer
 .text.USBH_LL_PortEnabled
                0x08004c98        0x8 Middlewares/ST/STM32_USB_Host_Library/Core/Src/usbh_core.o
                0x08004c98                USBH_LL_PortEnabled
 .text.USBH_LL_PortDisabled
                0x08004ca0        0x8 Middlewares/ST/STM32_USB_Host_Library/Core/Src/usbh_core.o
                0x08004ca0                USBH_LL_PortDisabled
 .text.USBH_LL_Connect
                0x08004ca8       0x14 Middlewares/ST/STM32_USB_Host_Library/Core/Src/usbh_core.o
                0x08004ca8                USBH_LL_Connect
 .text.USBH_LL_Disconnect
                0x08004cbc       0x2c Middlewares/ST/STM32_USB_Host_Library/Core/Src/usbh_core.o
                0x08004cbc                USBH_LL_Disconnect
 .text.USBH_ParseDevDesc
                0x08004ce8       0x5c Middlewares/ST/STM32_USB_Host_Library/Core/Src/usbh_ctlreq.o
 .text.USBH_ParseInterfaceDesc
                0x08004d44       0x26 Middlewares/ST/STM32_USB_Host_Library/Core/Src/usbh_ctlreq.o
 .text.USBH_ParseEPDesc
                0x08004d6a       0x20 Middlewares/ST/STM32_USB_Host_Library/Core/Src/usbh_ctlreq.o
 .text.USBH_ParseStringDesc
                0x08004d8a       0x34 Middlewares/ST/STM32_USB_Host_Library/Core/Src/usbh_ctlreq.o
 .text.USBH_HandleControl
                0x08004dbe      0x1de Middlewares/ST/STM32_USB_Host_Library/Core/Src/usbh_ctlreq.o
 .text.USBH_GetNextDesc
                0x08004f9c        0xe Middlewares/ST/STM32_USB_Host_Library/Core/Src/usbh_ctlreq.o
                0x08004f9c                USBH_GetNextDesc
 .text.USBH_ParseCfgDesc
                0x08004faa       0xc2 Middlewares/ST/STM32_USB_Host_Library/Core/Src/usbh_ctlreq.o
 .text.USBH_CtlReq
                0x0800506c       0x44 Middlewares/ST/STM32_USB_Host_Library/Core/Src/usbh_ctlreq.o
                0x0800506c                USBH_CtlReq
 .text.USBH_GetDescriptor
                0x080050b0       0x3c Middlewares/ST/STM32_USB_Host_Library/Core/Src/usbh_ctlreq.o
                0x080050b0                USBH_GetDescriptor
 .text.USBH_Get_DevDesc
                0x080050ec       0x32 Middlewares/ST/STM32_USB_Host_Library/Core/Src/usbh_ctlreq.o
                0x080050ec                USBH_Get_DevDesc
 .text.USBH_Get_CfgDesc
                0x0800511e       0x32 Middlewares/ST/STM32_USB_Host_Library/Core/Src/usbh_ctlreq.o
                0x0800511e                USBH_Get_CfgDesc
 .text.USBH_Get_StringDesc
                0x08005150       0x30 Middlewares/ST/STM32_USB_Host_Library/Core/Src/usbh_ctlreq.o
                0x08005150                USBH_Get_StringDesc
 .text.USBH_SetAddress
                0x08005180       0x22 Middlewares/ST/STM32_USB_Host_Library/Core/Src/usbh_ctlreq.o
                0x08005180                USBH_SetAddress
 .text.USBH_SetCfg
                0x080051a2       0x22 Middlewares/ST/STM32_USB_Host_Library/Core/Src/usbh_ctlreq.o
                0x080051a2                USBH_SetCfg
 .text.USBH_SetFeature
                0x080051c4       0x22 Middlewares/ST/STM32_USB_Host_Library/Core/Src/usbh_ctlreq.o
                0x080051c4                USBH_SetFeature
 .text.USBH_ClrFeature
                0x080051e6       0x24 Middlewares/ST/STM32_USB_Host_Library/Core/Src/usbh_ctlreq.o
                0x080051e6                USBH_ClrFeature
 .text.USBH_CtlSendSetup
                0x0800520a       0x22 Middlewares/ST/STM32_USB_Host_Library/Core/Src/usbh_ioreq.o
                0x0800520a                USBH_CtlSendSetup
 .text.USBH_CtlSendData
                0x0800522c       0x2c Middlewares/ST/STM32_USB_Host_Library/Core/Src/usbh_ioreq.o
                0x0800522c                USBH_CtlSendData
 .text.USBH_CtlReceiveData
                0x08005258       0x20 Middlewares/ST/STM32_USB_Host_Library/Core/Src/usbh_ioreq.o
                0x08005258                USBH_CtlReceiveData
 .text.USBH_BulkSendData
                0x08005278       0x2c Middlewares/ST/STM32_USB_Host_Library/Core/Src/usbh_ioreq.o
                0x08005278                USBH_BulkSendData
 .text.USBH_BulkReceiveData
                0x080052a4       0x20 Middlewares/ST/STM32_USB_Host_Library/Core/Src/usbh_ioreq.o
                0x080052a4                USBH_BulkReceiveData
 .text.USBH_GetFreePipe
                0x080052c4       0x26 Middlewares/ST/STM32_USB_Host_Library/Core/Src/usbh_pipes.o
 .text.USBH_OpenPipe
                0x080052ea       0x20 Middlewares/ST/STM32_USB_Host_Library/Core/Src/usbh_pipes.o
                0x080052ea                USBH_OpenPipe
 .text.USBH_ClosePipe
                0x0800530a        0xa Middlewares/ST/STM32_USB_Host_Library/Core/Src/usbh_pipes.o
                0x0800530a                USBH_ClosePipe
 .text.USBH_AllocPipe
                0x08005314       0x26 Middlewares/ST/STM32_USB_Host_Library/Core/Src/usbh_pipes.o
                0x08005314                USBH_AllocPipe
 .text.USBH_FreePipe
                0x0800533a       0x16 Middlewares/ST/STM32_USB_Host_Library/Core/Src/usbh_pipes.o
                0x0800533a                USBH_FreePipe
 .text.MX_GPIO_Init
                0x08005350      0x23c Src/main.o
 .text.MX_FSMC_Init
                0x0800558c       0x5c Src/main.o
 .text.MX_I2C1_Init
                0x080055e8       0x34 Src/main.o
 .text.MX_I2C2_Init
                0x0800561c       0x34 Src/main.o
 .text.MX_I2S3_Init
                0x08005650       0x34 Src/main.o
 .text.MX_QUADSPI_Init
                0x08005684       0x2c Src/main.o
 .text.MX_SDIO_SD_Init
                0x080056b0       0x30 Src/main.o
 .text.MX_USART2_UART_Init
                0x080056e0       0x2c Src/main.o
 .text.SystemClock_Config
                0x0800570c       0xcc Src/main.o
                0x0800570c                SystemClock_Config
 .text.main     0x080057d8       0x78 Src/main.o
                0x080057d8                main
 .text.Error_Handler
                0x08005850        0x2 Src/main.o
                0x08005850                Error_Handler
 *fill*         0x08005852        0x2 
 .text.HAL_FSMC_MspInit
                0x08005854       0x8c Src/stm32f4xx_hal_msp.o
 .text.HAL_MspInit
                0x080058e0       0x38 Src/stm32f4xx_hal_msp.o
                0x080058e0                HAL_MspInit
 .text.HAL_I2C_MspInit
                0x08005918       0xf4 Src/stm32f4xx_hal_msp.o
                0x08005918                HAL_I2C_MspInit
 .text.HAL_I2S_MspInit
                0x08005a0c       0xdc Src/stm32f4xx_hal_msp.o
                0x08005a0c                HAL_I2S_MspInit
 .text.HAL_QSPI_MspInit
                0x08005ae8       0xec Src/stm32f4xx_hal_msp.o
                0x08005ae8                HAL_QSPI_MspInit
 .text.HAL_SD_MspInit
                0x08005bd4       0xa0 Src/stm32f4xx_hal_msp.o
                0x08005bd4                HAL_SD_MspInit
 .text.HAL_UART_MspInit
                0x08005c74       0x70 Src/stm32f4xx_hal_msp.o
                0x08005c74                HAL_UART_MspInit
 .text.HAL_SRAM_MspInit
                0x08005ce4        0x8 Src/stm32f4xx_hal_msp.o
                0x08005ce4                HAL_SRAM_MspInit
 .text.NMI_Handler
                0x08005cec        0x2 Src/stm32f4xx_it.o
                0x08005cec                NMI_Handler
 .text.HardFault_Handler
                0x08005cee        0x2 Src/stm32f4xx_it.o
                0x08005cee                HardFault_Handler
 .text.MemManage_Handler
                0x08005cf0        0x2 Src/stm32f4xx_it.o
                0x08005cf0                MemManage_Handler
 .text.BusFault_Handler
                0x08005cf2        0x2 Src/stm32f4xx_it.o
                0x08005cf2                BusFault_Handler
 .text.UsageFault_Handler
                0x08005cf4        0x2 Src/stm32f4xx_it.o
                0x08005cf4                UsageFault_Handler
 .text.SVC_Handler
                0x08005cf6        0x2 Src/stm32f4xx_it.o
                0x08005cf6                SVC_Handler
 .text.DebugMon_Handler
                0x08005cf8        0x2 Src/stm32f4xx_it.o
                0x08005cf8                DebugMon_Handler
 .text.PendSV_Handler
                0x08005cfa        0x2 Src/stm32f4xx_it.o
                0x08005cfa                PendSV_Handler
 .text.SysTick_Handler
                0x08005cfc        0x8 Src/stm32f4xx_it.o
                0x08005cfc                SysTick_Handler
 .text.OTG_FS_IRQHandler
                0x08005d04       0x10 Src/stm32f4xx_it.o
                0x08005d04                OTG_FS_IRQHandler
 .text._sbrk    0x08005d14       0x3c Src/syscalls.o
                0x08005d14                _sbrk
 .text.SystemInit
                0x08005d50       0x4c Src/system_stm32f4xx.o
                0x08005d50                SystemInit
 .text.USBH_UserProcess
                0x08005d9c       0x2c Src/usb_host.o
 .text.MX_USB_HOST_Init
                0x08005dc8       0x40 Src/usb_host.o
                0x08005dc8                MX_USB_HOST_Init
 .text.MX_USB_HOST_Process
                0x08005e08       0x10 Src/usb_host.o
                0x08005e08                MX_USB_HOST_Process
 .text.HAL_HCD_MspInit
                0x08005e18       0x84 Src/usbh_conf.o
                0x08005e18                HAL_HCD_MspInit
 .text.HAL_HCD_SOF_Callback
                0x08005e9c        0xc Src/usbh_conf.o
                0x08005e9c                HAL_HCD_SOF_Callback
 .text.HAL_HCD_Connect_Callback
                0x08005ea8        0xc Src/usbh_conf.o
                0x08005ea8                HAL_HCD_Connect_Callback
 .text.HAL_HCD_Disconnect_Callback
                0x08005eb4        0xc Src/usbh_conf.o
                0x08005eb4                HAL_HCD_Disconnect_Callback
 .text.HAL_HCD_HC_NotifyURBChange_Callback
                0x08005ec0        0x2 Src/usbh_conf.o
                0x08005ec0                HAL_HCD_HC_NotifyURBChange_Callback
 .text.HAL_HCD_PortEnabled_Callback
                0x08005ec2        0xc Src/usbh_conf.o
                0x08005ec2                HAL_HCD_PortEnabled_Callback
 .text.HAL_HCD_PortDisabled_Callback
                0x08005ece        0xc Src/usbh_conf.o
                0x08005ece                HAL_HCD_PortDisabled_Callback
 *fill*         0x08005eda        0x2 
 .text.USBH_LL_Init
                0x08005edc       0x54 Src/usbh_conf.o
                0x08005edc                USBH_LL_Init
 .text.USBH_LL_GetSpeed
                0x08005f30       0x1c Src/usbh_conf.o
                0x08005f30                USBH_LL_GetSpeed
 .text.USBH_LL_GetLastXferSize
                0x08005f4c        0xc Src/usbh_conf.o
                0x08005f4c                USBH_LL_GetLastXferSize
 .text.USBH_LL_GetURBState
                0x08005f58        0xc Src/usbh_conf.o
                0x08005f58                USBH_LL_GetURBState
 .text.USBH_LL_DriverVBUS
                0x08005f64       0x1c Src/usbh_conf.o
                0x08005f64                USBH_LL_DriverVBUS
 .text.USBH_LL_SetToggle
                0x08005f80       0x32 Src/usbh_conf.o
                0x08005f80                USBH_LL_SetToggle
 .text.USBH_Delay
                0x08005fb2        0x8 Src/usbh_conf.o
                0x08005fb2                USBH_Delay
 .text.USBH_Get_USB_Status
                0x08005fba       0x12 Src/usbh_conf.o
                0x08005fba                USBH_Get_USB_Status
 .text.USBH_LL_Start
                0x08005fcc       0x10 Src/usbh_conf.o
                0x08005fcc                USBH_LL_Start
 .text.USBH_LL_Stop
                0x08005fdc       0x10 Src/usbh_conf.o
                0x08005fdc                USBH_LL_Stop
 .text.USBH_LL_ResetPort
                0x08005fec       0x10 Src/usbh_conf.o
                0x08005fec                USBH_LL_ResetPort
 .text.USBH_LL_OpenPipe
                0x08005ffc       0x26 Src/usbh_conf.o
                0x08005ffc                USBH_LL_OpenPipe
 .text.USBH_LL_ClosePipe
                0x08006022       0x10 Src/usbh_conf.o
                0x08006022                USBH_LL_ClosePipe
 .text.USBH_LL_SubmitURB
                0x08006032       0x2a Src/usbh_conf.o
                0x08006032                USBH_LL_SubmitURB
 .text.MX_DriverVbusFS
                0x0800605c       0x1c Src/usbh_platform.o
                0x0800605c                MX_DriverVbusFS
 .text.Reset_Handler
                0x08006078       0x50 startup/startup_stm32f412zx.o
                0x08006078                Reset_Handler
 .text.Default_Handler
                0x080060c8        0x2 startup/startup_stm32f412zx.o
                0x080060c8                RTC_Alarm_IRQHandler
                0x080060c8                EXTI2_IRQHandler
                0x080060c8                TIM8_CC_IRQHandler
                0x080060c8                FMPI2C1_EV_IRQHandler
                0x080060c8                SPI4_IRQHandler
                0x080060c8                TIM1_CC_IRQHandler
                0x080060c8                DMA2_Stream5_IRQHandler
                0x080060c8                DMA1_Stream5_IRQHandler
                0x080060c8                TIM6_IRQHandler
                0x080060c8                PVD_IRQHandler
                0x080060c8                SDIO_IRQHandler
                0x080060c8                TAMP_STAMP_IRQHandler
                0x080060c8                CAN2_RX1_IRQHandler
                0x080060c8                EXTI3_IRQHandler
                0x080060c8                TIM8_TRG_COM_TIM14_IRQHandler
                0x080060c8                DFSDM1_FLT1_IRQHandler
                0x080060c8                TIM1_UP_TIM10_IRQHandler
                0x080060c8                TIM8_UP_TIM13_IRQHandler
                0x080060c8                I2C3_ER_IRQHandler
                0x080060c8                EXTI0_IRQHandler
                0x080060c8                I2C2_EV_IRQHandler
                0x080060c8                DMA1_Stream2_IRQHandler
                0x080060c8                CAN1_RX0_IRQHandler
                0x080060c8                FPU_IRQHandler
                0x080060c8                CAN2_SCE_IRQHandler
                0x080060c8                DMA2_Stream2_IRQHandler
                0x080060c8                SPI1_IRQHandler
                0x080060c8                TIM1_BRK_TIM9_IRQHandler
                0x080060c8                CAN2_RX0_IRQHandler
                0x080060c8                DMA2_Stream3_IRQHandler
                0x080060c8                USART6_IRQHandler
                0x080060c8                USART3_IRQHandler
                0x080060c8                CAN1_RX1_IRQHandler
                0x080060c8                DMA2_Stream0_IRQHandler
                0x080060c8                TIM4_IRQHandler
                0x080060c8                QUADSPI_IRQHandler
                0x080060c8                I2C1_EV_IRQHandler
                0x080060c8                DMA1_Stream6_IRQHandler
                0x080060c8                DMA1_Stream1_IRQHandler
                0x080060c8                TIM3_IRQHandler
                0x080060c8                RCC_IRQHandler
                0x080060c8                TIM8_BRK_TIM12_IRQHandler
                0x080060c8                Default_Handler
                0x080060c8                EXTI15_10_IRQHandler
                0x080060c8                ADC_IRQHandler
                0x080060c8                DMA1_Stream7_IRQHandler
                0x080060c8                SPI5_IRQHandler
                0x080060c8                TIM7_IRQHandler
                0x080060c8                CAN2_TX_IRQHandler
                0x080060c8                TIM5_IRQHandler
                0x080060c8                DMA2_Stream7_IRQHandler
                0x080060c8                I2C3_EV_IRQHandler
                0x080060c8                EXTI9_5_IRQHandler
                0x080060c8                RTC_WKUP_IRQHandler
                0x080060c8                SPI2_IRQHandler
                0x080060c8                DMA1_Stream0_IRQHandler
                0x080060c8                CAN1_TX_IRQHandler
                0x080060c8                FMPI2C1_ER_IRQHandler
                0x080060c8                EXTI4_IRQHandler
                0x080060c8                RNG_IRQHandler
                0x080060c8                WWDG_IRQHandler
                0x080060c8                TIM2_IRQHandler
                0x080060c8                OTG_FS_WKUP_IRQHandler
                0x080060c8                TIM1_TRG_COM_TIM11_IRQHandler
                0x080060c8                EXTI1_IRQHandler
                0x080060c8                USART2_IRQHandler
                0x080060c8                DFSDM1_FLT0_IRQHandler
                0x080060c8                I2C2_ER_IRQHandler
                0x080060c8                DMA2_Stream1_IRQHandler
                0x080060c8                CAN1_SCE_IRQHandler
                0x080060c8                FLASH_IRQHandler
                0x080060c8                DMA2_Stream4_IRQHandler
                0x080060c8                USART1_IRQHandler
                0x080060c8                SPI3_IRQHandler
                0x080060c8                DMA1_Stream4_IRQHandler
                0x080060c8                I2C1_ER_IRQHandler
                0x080060c8                DMA2_Stream6_IRQHandler
                0x080060c8                DMA1_Stream3_IRQHandler
 *fill*         0x080060ca        0x2 
 .text.__errno  0x080060cc        0xc c:/ac6/systemworkbench/plugins/fr.ac6.mcu.externaltools.arm-none.win32_1.15.0.201708311556/tools/compiler/bin/../lib/gcc/arm-none-eabi/6.3.1/../../../../arm-none-eabi/lib/thumb/v7e-m/fpv4-sp/hard\libc_nano.a(lib_a-errno.o)
                0x080060cc                __errno
 .text.__libc_init_array
                0x080060d8       0x48 c:/ac6/systemworkbench/plugins/fr.ac6.mcu.externaltools.arm-none.win32_1.15.0.201708311556/tools/compiler/bin/../lib/gcc/arm-none-eabi/6.3.1/../../../../arm-none-eabi/lib/thumb/v7e-m/fpv4-sp/hard\libc_nano.a(lib_a-init.o)
                0x080060d8                __libc_init_array
 .text.malloc   0x08006120       0x10 c:/ac6/systemworkbench/plugins/fr.ac6.mcu.externaltools.arm-none.win32_1.15.0.201708311556/tools/compiler/bin/../lib/gcc/arm-none-eabi/6.3.1/../../../../arm-none-eabi/lib/thumb/v7e-m/fpv4-sp/hard\libc_nano.a(lib_a-malloc.o)
                0x08006120                malloc
 .text.free     0x08006130       0x10 c:/ac6/systemworkbench/plugins/fr.ac6.mcu.externaltools.arm-none.win32_1.15.0.201708311556/tools/compiler/bin/../lib/gcc/arm-none-eabi/6.3.1/../../../../arm-none-eabi/lib/thumb/v7e-m/fpv4-sp/hard\libc_nano.a(lib_a-malloc.o)
                0x08006130                free
 .text.memset   0x08006140       0x10 c:/ac6/systemworkbench/plugins/fr.ac6.mcu.externaltools.arm-none.win32_1.15.0.201708311556/tools/compiler/bin/../lib/gcc/arm-none-eabi/6.3.1/../../../../arm-none-eabi/lib/thumb/v7e-m/fpv4-sp/hard\libc_nano.a(lib_a-memset.o)
                0x08006140                memset
 .text._free_r  0x08006150       0x9c c:/ac6/systemworkbench/plugins/fr.ac6.mcu.externaltools.arm-none.win32_1.15.0.201708311556/tools/compiler/bin/../lib/gcc/arm-none-eabi/6.3.1/../../../../arm-none-eabi/lib/thumb/v7e-m/fpv4-sp/hard\libc_nano.a(lib_a-nano-freer.o)
                0x08006150                _free_r
 .text._malloc_r
                0x080061ec       0xbc c:/ac6/systemworkbench/plugins/fr.ac6.mcu.externaltools.arm-none.win32_1.15.0.201708311556/tools/compiler/bin/../lib/gcc/arm-none-eabi/6.3.1/../../../../arm-none-eabi/lib/thumb/v7e-m/fpv4-sp/hard\libc_nano.a(lib_a-nano-mallocr.o)
                0x080061ec                _malloc_r
 .text._sbrk_r  0x080062a8       0x20 c:/ac6/systemworkbench/plugins/fr.ac6.mcu.externaltools.arm-none.win32_1.15.0.201708311556/tools/compiler/bin/../lib/gcc/arm-none-eabi/6.3.1/../../../../arm-none-eabi/lib/thumb/v7e-m/fpv4-sp/hard\libc_nano.a(lib_a-sbrkr.o)
                0x080062a8                _sbrk_r
 .text.__malloc_lock
                0x080062c8        0x2 c:/ac6/systemworkbench/plugins/fr.ac6.mcu.externaltools.arm-none.win32_1.15.0.201708311556/tools/compiler/bin/../lib/gcc/arm-none-eabi/6.3.1/../../../../arm-none-eabi/lib/thumb/v7e-m/fpv4-sp/hard\libc_nano.a(lib_a-mlock.o)
                0x080062c8                __malloc_lock
 .text.__malloc_unlock
                0x080062ca        0x2 c:/ac6/systemworkbench/plugins/fr.ac6.mcu.externaltools.arm-none.win32_1.15.0.201708311556/tools/compiler/bin/../lib/gcc/arm-none-eabi/6.3.1/../../../../arm-none-eabi/lib/thumb/v7e-m/fpv4-sp/hard\libc_nano.a(lib_a-mlock.o)
                0x080062ca                __malloc_unlock
 *(.glue_7)
 .glue_7        0x080062cc        0x0 linker stubs
 *(.glue_7t)
 .glue_7t       0x080062cc        0x0 linker stubs
 *(.eh_frame)
 .eh_frame      0x080062cc        0x0 c:/ac6/systemworkbench/plugins/fr.ac6.mcu.externaltools.arm-none.win32_1.15.0.201708311556/tools/compiler/bin/../lib/gcc/arm-none-eabi/6.3.1/thumb/v7e-m/fpv4-sp/hard/crtbegin.o
 *(.init)
 .init          0x080062cc        0x4 c:/ac6/systemworkbench/plugins/fr.ac6.mcu.externaltools.arm-none.win32_1.15.0.201708311556/tools/compiler/bin/../lib/gcc/arm-none-eabi/6.3.1/thumb/v7e-m/fpv4-sp/hard/crti.o
                0x080062cc                _init
 .init          0x080062d0        0x8 c:/ac6/systemworkbench/plugins/fr.ac6.mcu.externaltools.arm-none.win32_1.15.0.201708311556/tools/compiler/bin/../lib/gcc/arm-none-eabi/6.3.1/thumb/v7e-m/fpv4-sp/hard/crtn.o
 *(.fini)
 .fini          0x080062d8        0x4 c:/ac6/systemworkbench/plugins/fr.ac6.mcu.externaltools.arm-none.win32_1.15.0.201708311556/tools/compiler/bin/../lib/gcc/arm-none-eabi/6.3.1/thumb/v7e-m/fpv4-sp/hard/crti.o
                0x080062d8                _fini
 .fini          0x080062dc        0x8 c:/ac6/systemworkbench/plugins/fr.ac6.mcu.externaltools.arm-none.win32_1.15.0.201708311556/tools/compiler/bin/../lib/gcc/arm-none-eabi/6.3.1/thumb/v7e-m/fpv4-sp/hard/crtn.o
                0x080062e4                . = ALIGN (0x4)
                0x080062e4                _etext = .

.vfp11_veneer   0x080062e4        0x0
 .vfp11_veneer  0x080062e4        0x0 linker stubs

.v4_bx          0x080062e4        0x0
 .v4_bx         0x080062e4        0x0 linker stubs

.iplt           0x080062e4        0x0
 .iplt          0x080062e4        0x0 c:/ac6/systemworkbench/plugins/fr.ac6.mcu.externaltools.arm-none.win32_1.15.0.201708311556/tools/compiler/bin/../lib/gcc/arm-none-eabi/6.3.1/thumb/v7e-m/fpv4-sp/hard/crtbegin.o

.rodata         0x080062e4       0x6c
                0x080062e4                . = ALIGN (0x4)
 *(.rodata)
 .rodata        0x080062e4       0x3a Drivers/BSP/STM32412G-Discovery/stm32412g_discovery.o
                0x080062e4                GPIO_PIN
                0x080062f4                JOY_PIN
                0x08006300                JOY_IRQn
                0x08006308                COM_RX_AF
                0x0800630c                COM_TX_AF
                0x08006310                COM_RX_PIN
                0x08006314                COM_TX_PIN
                0x08006318                BUTTON_IRQn
                0x0800631c                BUTTON_PIN
 *fill*         0x0800631e        0x2 
 .rodata        0x08006320       0x18 Src/system_stm32f4xx.o
                0x08006320                AHBPrescTable
                0x08006330                APBPrescTable
 *(.rodata*)
 .rodata.str1.4
                0x08006338        0x4 Middlewares/ST/STM32_USB_Host_Library/Class/CDC/Src/usbh_cdc.o
 .rodata.str1.4
                0x0800633c       0x14 Src/main.o
                                 0x12 (size before relaxing)
                0x08006350                . = ALIGN (0x4)

.ARM.extab
 *(.ARM.extab* .gnu.linkonce.armextab.*)

.ARM            0x08006350        0x8
                0x08006350                __exidx_start = .
 *(.ARM.exidx*)
 .ARM.exidx     0x08006350        0x8 c:/ac6/systemworkbench/plugins/fr.ac6.mcu.externaltools.arm-none.win32_1.15.0.201708311556/tools/compiler/bin/../lib/gcc/arm-none-eabi/6.3.1/thumb/v7e-m/fpv4-sp/hard\libgcc.a(_udivmoddi4.o)
                0x08006358                __exidx_end = .

.rel.dyn        0x08006358        0x0
 .rel.iplt      0x08006358        0x0 c:/ac6/systemworkbench/plugins/fr.ac6.mcu.externaltools.arm-none.win32_1.15.0.201708311556/tools/compiler/bin/../lib/gcc/arm-none-eabi/6.3.1/thumb/v7e-m/fpv4-sp/hard/crtbegin.o

.preinit_array  0x08006358        0x0
                0x08006358                PROVIDE (__preinit_array_start, .)
 *(.preinit_array*)
                0x08006358                PROVIDE (__preinit_array_end, .)

.init_array     0x08006358        0x4
                0x08006358                PROVIDE (__init_array_start, .)
 *(SORT(.init_array.*))
 *(.init_array*)
 .init_array    0x08006358        0x4 c:/ac6/systemworkbench/plugins/fr.ac6.mcu.externaltools.arm-none.win32_1.15.0.201708311556/tools/compiler/bin/../lib/gcc/arm-none-eabi/6.3.1/thumb/v7e-m/fpv4-sp/hard/crtbegin.o
                0x0800635c                PROVIDE (__init_array_end, .)

.fini_array     0x0800635c        0x4
                [!provide]                PROVIDE (__fini_array_start, .)
 *(SORT(.fini_array.*))
 *(.fini_array*)
 .fini_array    0x0800635c        0x4 c:/ac6/systemworkbench/plugins/fr.ac6.mcu.externaltools.arm-none.win32_1.15.0.201708311556/tools/compiler/bin/../lib/gcc/arm-none-eabi/6.3.1/thumb/v7e-m/fpv4-sp/hard/crtbegin.o
                [!provide]                PROVIDE (__fini_array_end, .)
                0x08006360                _sidata = LOADADDR (.data)

.data           0x20000000       0x90 load address 0x08006360
                0x20000000                . = ALIGN (0x4)
                0x20000000                _sdata = .
 *(.data)
 .data          0x20000000        0x8 Drivers/STM32F4xx_HAL_Driver/Src/stm32f4xx_hal.o
                0x20000000                uwTickFreq
                0x20000004                uwTickPrio
 .data          0x20000008       0x20 Middlewares/ST/STM32_USB_Host_Library/Class/CDC/Src/usbh_cdc.o
                0x20000008                CDC_Class
 .data          0x20000028        0x4 Src/system_stm32f4xx.o
                0x20000028                SystemCoreClock
 *(.data*)
 .data._impure_ptr
                0x2000002c        0x4 c:/ac6/systemworkbench/plugins/fr.ac6.mcu.externaltools.arm-none.win32_1.15.0.201708311556/tools/compiler/bin/../lib/gcc/arm-none-eabi/6.3.1/../../../../arm-none-eabi/lib/thumb/v7e-m/fpv4-sp/hard\libc_nano.a(lib_a-impure.o)
                0x2000002c                _impure_ptr
 .data.impure_data
                0x20000030       0x60 c:/ac6/systemworkbench/plugins/fr.ac6.mcu.externaltools.arm-none.win32_1.15.0.201708311556/tools/compiler/bin/../lib/gcc/arm-none-eabi/6.3.1/../../../../arm-none-eabi/lib/thumb/v7e-m/fpv4-sp/hard\libc_nano.a(lib_a-impure.o)
                0x20000090                . = ALIGN (0x4)
                0x20000090                _edata = .

.jcr            0x20000090        0x0 load address 0x080063f0
 .jcr           0x20000090        0x0 c:/ac6/systemworkbench/plugins/fr.ac6.mcu.externaltools.arm-none.win32_1.15.0.201708311556/tools/compiler/bin/../lib/gcc/arm-none-eabi/6.3.1/thumb/v7e-m/fpv4-sp/hard/crtbegin.o

.igot.plt       0x20000090        0x0 load address 0x080063f0
 .igot.plt      0x20000090        0x0 c:/ac6/systemworkbench/plugins/fr.ac6.mcu.externaltools.arm-none.win32_1.15.0.201708311556/tools/compiler/bin/../lib/gcc/arm-none-eabi/6.3.1/thumb/v7e-m/fpv4-sp/hard/crtbegin.o
                0x20000090                . = ALIGN (0x4)

.bss            0x20000090      0x930 load address 0x080063f0
                0x20000090                _sbss = .
                0x20000090                __bss_start__ = _sbss
 *(.bss)
 .bss           0x20000090       0x1c c:/ac6/systemworkbench/plugins/fr.ac6.mcu.externaltools.arm-none.win32_1.15.0.201708311556/tools/compiler/bin/../lib/gcc/arm-none-eabi/6.3.1/thumb/v7e-m/fpv4-sp/hard/crtbegin.o
 .bss           0x200000ac        0x4 Drivers/STM32F4xx_HAL_Driver/Src/stm32f4xx_ll_usb.o
 .bss           0x200000b0        0x8 Src/stm32f4xx_hal_msp.o
 .bss           0x200000b8        0x8 Src/syscalls.o
                0x200000bc                __env
 .bss           0x200000c0        0x1 Src/usb_host.o
                0x200000c0                Appli_state
 *(.bss*)
 *fill*         0x200000c1        0x3 
 .bss.__malloc_free_list
                0x200000c4        0x4 c:/ac6/systemworkbench/plugins/fr.ac6.mcu.externaltools.arm-none.win32_1.15.0.201708311556/tools/compiler/bin/../lib/gcc/arm-none-eabi/6.3.1/../../../../arm-none-eabi/lib/thumb/v7e-m/fpv4-sp/hard\libc_nano.a(lib_a-nano-mallocr.o)
                0x200000c4                __malloc_free_list
 .bss.__malloc_sbrk_start
                0x200000c8        0x4 c:/ac6/systemworkbench/plugins/fr.ac6.mcu.externaltools.arm-none.win32_1.15.0.201708311556/tools/compiler/bin/../lib/gcc/arm-none-eabi/6.3.1/../../../../arm-none-eabi/lib/thumb/v7e-m/fpv4-sp/hard\libc_nano.a(lib_a-nano-mallocr.o)
                0x200000c8                __malloc_sbrk_start
 *(COMMON)
 COMMON         0x200000cc        0x4 Drivers/STM32F4xx_HAL_Driver/Src/stm32f4xx_hal.o
                0x200000cc                uwTick
 COMMON         0x200000d0      0x250 Src/main.o
                0x200000d0                hi2c1
                0x20000124                hi2c2
                0x20000178                hsram1
                0x200001c8                hsd
                0x2000024c                huart2
                0x2000028c                hi2s3
                0x200002d4                hqspi
 COMMON         0x20000320      0x3d8 Src/usb_host.o
                0x20000320                hUsbHostFS
 COMMON         0x200006f8      0x2c4 Src/usbh_conf.o
                0x200006f8                hhcd_USB_OTG_FS
 COMMON         0x200009bc        0x4 c:/ac6/systemworkbench/plugins/fr.ac6.mcu.externaltools.arm-none.win32_1.15.0.201708311556/tools/compiler/bin/../lib/gcc/arm-none-eabi/6.3.1/../../../../arm-none-eabi/lib/thumb/v7e-m/fpv4-sp/hard\libc_nano.a(lib_a-reent.o)
                0x200009bc                errno
                0x200009c0                . = ALIGN (0x4)
                0x200009c0                _ebss = .
                0x200009c0                __bss_end__ = _ebss

._user_heap_stack
                0x200009c0      0x600 load address 0x080063f0
                0x200009c0                . = ALIGN (0x8)
                0x200009c0                PROVIDE (end, .)
                [!provide]                PROVIDE (_end, .)
                0x20000bc0                . = (. + _Min_Heap_Size)
 *fill*         0x200009c0      0x200 
                0x20000fc0                . = (. + _Min_Stack_Size)
 *fill*         0x20000bc0      0x400 
                0x20000fc0                . = ALIGN (0x8)

/DISCARD/
 libc.a(*)
 libm.a(*)
 libgcc.a(*)

.ARM.attributes
                0x00000000       0x30
 *(.ARM.attributes)
 .ARM.attributes
                0x00000000       0x22 c:/ac6/systemworkbench/plugins/fr.ac6.mcu.externaltools.arm-none.win32_1.15.0.201708311556/tools/compiler/bin/../lib/gcc/arm-none-eabi/6.3.1/thumb/v7e-m/fpv4-sp/hard/crti.o
 .ARM.attributes
                0x00000022       0x34 c:/ac6/systemworkbench/plugins/fr.ac6.mcu.externaltools.arm-none.win32_1.15.0.201708311556/tools/compiler/bin/../lib/gcc/arm-none-eabi/6.3.1/thumb/v7e-m/fpv4-sp/hard/crtbegin.o
 .ARM.attributes
                0x00000056       0x39 Drivers/BSP/STM32412G-Discovery/stm32412g_discovery.o
 .ARM.attributes
                0x0000008f       0x39 Drivers/STM32F4xx_HAL_Driver/Src/stm32f4xx_hal.o
 .ARM.attributes
                0x000000c8       0x39 Drivers/STM32F4xx_HAL_Driver/Src/stm32f4xx_hal_cortex.o
 .ARM.attributes
                0x00000101       0x39 Drivers/STM32F4xx_HAL_Driver/Src/stm32f4xx_hal_gpio.o
 .ARM.attributes
                0x0000013a       0x39 Drivers/STM32F4xx_HAL_Driver/Src/stm32f4xx_hal_hcd.o
 .ARM.attributes
                0x00000173       0x39 Drivers/STM32F4xx_HAL_Driver/Src/stm32f4xx_hal_i2c.o
 .ARM.attributes
                0x000001ac       0x39 Drivers/STM32F4xx_HAL_Driver/Src/stm32f4xx_hal_i2s.o
 .ARM.attributes
                0x000001e5       0x39 Drivers/STM32F4xx_HAL_Driver/Src/stm32f4xx_hal_i2s_ex.o
 .ARM.attributes
                0x0000021e       0x39 Drivers/STM32F4xx_HAL_Driver/Src/stm32f4xx_hal_qspi.o
 .ARM.attributes
                0x00000257       0x39 Drivers/STM32F4xx_HAL_Driver/Src/stm32f4xx_hal_rcc.o
 .ARM.attributes
                0x00000290       0x39 Drivers/STM32F4xx_HAL_Driver/Src/stm32f4xx_hal_rcc_ex.o
 .ARM.attributes
                0x000002c9       0x39 Drivers/STM32F4xx_HAL_Driver/Src/stm32f4xx_hal_sd.o
 .ARM.attributes
                0x00000302       0x39 Drivers/STM32F4xx_HAL_Driver/Src/stm32f4xx_hal_sram.o
 .ARM.attributes
                0x0000033b       0x39 Drivers/STM32F4xx_HAL_Driver/Src/stm32f4xx_hal_uart.o
 .ARM.attributes
                0x00000374       0x39 Drivers/STM32F4xx_HAL_Driver/Src/stm32f4xx_ll_fsmc.o
 .ARM.attributes
                0x000003ad       0x39 Drivers/STM32F4xx_HAL_Driver/Src/stm32f4xx_ll_sdmmc.o
 .ARM.attributes
                0x000003e6       0x39 Drivers/STM32F4xx_HAL_Driver/Src/stm32f4xx_ll_usb.o
 .ARM.attributes
                0x0000041f       0x39 Middlewares/ST/STM32_USB_Host_Library/Class/CDC/Src/usbh_cdc.o
 .ARM.attributes
                0x00000458       0x39 Middlewares/ST/STM32_USB_Host_Library/Core/Src/usbh_core.o
 .ARM.attributes
                0x00000491       0x39 Middlewares/ST/STM32_USB_Host_Library/Core/Src/usbh_ctlreq.o
 .ARM.attributes
                0x000004ca       0x39 Middlewares/ST/STM32_USB_Host_Library/Core/Src/usbh_ioreq.o
 .ARM.attributes
                0x00000503       0x39 Middlewares/ST/STM32_USB_Host_Library/Core/Src/usbh_pipes.o
 .ARM.attributes
                0x0000053c       0x39 Src/main.o
 .ARM.attributes
                0x00000575       0x39 Src/stm32f4xx_hal_msp.o
 .ARM.attributes
                0x000005ae       0x39 Src/stm32f4xx_it.o
 .ARM.attributes
                0x000005e7       0x39 Src/syscalls.o
 .ARM.attributes
                0x00000620       0x39 Src/system_stm32f4xx.o
 .ARM.attributes
                0x00000659       0x39 Src/usb_host.o
 .ARM.attributes
                0x00000692       0x39 Src/usbh_conf.o
 .ARM.attributes
                0x000006cb       0x39 Src/usbh_platform.o
 .ARM.attributes
                0x00000704       0x21 startup/startup_stm32f412zx.o
 .ARM.attributes
                0x00000725       0x22 c:/ac6/systemworkbench/plugins/fr.ac6.mcu.externaltools.arm-none.win32_1.15.0.201708311556/tools/compiler/bin/../lib/gcc/arm-none-eabi/6.3.1/thumb/v7e-m/fpv4-sp/hard\libgcc.a(_aeabi_uldivmod.o)
 .ARM.attributes
                0x00000747       0x34 c:/ac6/systemworkbench/plugins/fr.ac6.mcu.externaltools.arm-none.win32_1.15.0.201708311556/tools/compiler/bin/../lib/gcc/arm-none-eabi/6.3.1/thumb/v7e-m/fpv4-sp/hard\libgcc.a(_udivmoddi4.o)
 .ARM.attributes
                0x0000077b       0x22 c:/ac6/systemworkbench/plugins/fr.ac6.mcu.externaltools.arm-none.win32_1.15.0.201708311556/tools/compiler/bin/../lib/gcc/arm-none-eabi/6.3.1/thumb/v7e-m/fpv4-sp/hard\libgcc.a(_dvmd_tls.o)
 .ARM.attributes
                0x0000079d       0x34 c:/ac6/systemworkbench/plugins/fr.ac6.mcu.externaltools.arm-none.win32_1.15.0.201708311556/tools/compiler/bin/../lib/gcc/arm-none-eabi/6.3.1/../../../../arm-none-eabi/lib/thumb/v7e-m/fpv4-sp/hard\libc_nano.a(lib_a-errno.o)
 .ARM.attributes
                0x000007d1       0x34 c:/ac6/systemworkbench/plugins/fr.ac6.mcu.externaltools.arm-none.win32_1.15.0.201708311556/tools/compiler/bin/../lib/gcc/arm-none-eabi/6.3.1/../../../../arm-none-eabi/lib/thumb/v7e-m/fpv4-sp/hard\libc_nano.a(lib_a-impure.o)
 .ARM.attributes
                0x00000805       0x34 c:/ac6/systemworkbench/plugins/fr.ac6.mcu.externaltools.arm-none.win32_1.15.0.201708311556/tools/compiler/bin/../lib/gcc/arm-none-eabi/6.3.1/../../../../arm-none-eabi/lib/thumb/v7e-m/fpv4-sp/hard\libc_nano.a(lib_a-init.o)
 .ARM.attributes
                0x00000839       0x34 c:/ac6/systemworkbench/plugins/fr.ac6.mcu.externaltools.arm-none.win32_1.15.0.201708311556/tools/compiler/bin/../lib/gcc/arm-none-eabi/6.3.1/../../../../arm-none-eabi/lib/thumb/v7e-m/fpv4-sp/hard\libc_nano.a(lib_a-malloc.o)
 .ARM.attributes
                0x0000086d       0x34 c:/ac6/systemworkbench/plugins/fr.ac6.mcu.externaltools.arm-none.win32_1.15.0.201708311556/tools/compiler/bin/../lib/gcc/arm-none-eabi/6.3.1/../../../../arm-none-eabi/lib/thumb/v7e-m/fpv4-sp/hard\libc_nano.a(lib_a-memset.o)
 .ARM.attributes
                0x000008a1       0x34 c:/ac6/systemworkbench/plugins/fr.ac6.mcu.externaltools.arm-none.win32_1.15.0.201708311556/tools/compiler/bin/../lib/gcc/arm-none-eabi/6.3.1/../../../../arm-none-eabi/lib/thumb/v7e-m/fpv4-sp/hard\libc_nano.a(lib_a-nano-freer.o)
 .ARM.attributes
                0x000008d5       0x34 c:/ac6/systemworkbench/plugins/fr.ac6.mcu.externaltools.arm-none.win32_1.15.0.201708311556/tools/compiler/bin/../lib/gcc/arm-none-eabi/6.3.1/../../../../arm-none-eabi/lib/thumb/v7e-m/fpv4-sp/hard\libc_nano.a(lib_a-nano-mallocr.o)
 .ARM.attributes
                0x00000909       0x34 c:/ac6/systemworkbench/plugins/fr.ac6.mcu.externaltools.arm-none.win32_1.15.0.201708311556/tools/compiler/bin/../lib/gcc/arm-none-eabi/6.3.1/../../../../arm-none-eabi/lib/thumb/v7e-m/fpv4-sp/hard\libc_nano.a(lib_a-sbrkr.o)
 .ARM.attributes
                0x0000093d       0x34 c:/ac6/systemworkbench/plugins/fr.ac6.mcu.externaltools.arm-none.win32_1.15.0.201708311556/tools/compiler/bin/../lib/gcc/arm-none-eabi/6.3.1/../../../../arm-none-eabi/lib/thumb/v7e-m/fpv4-sp/hard\libc_nano.a(lib_a-mlock.o)
 .ARM.attributes
                0x00000971       0x34 c:/ac6/systemworkbench/plugins/fr.ac6.mcu.externaltools.arm-none.win32_1.15.0.201708311556/tools/compiler/bin/../lib/gcc/arm-none-eabi/6.3.1/../../../../arm-none-eabi/lib/thumb/v7e-m/fpv4-sp/hard\libc_nano.a(lib_a-reent.o)
 .ARM.attributes
                0x000009a5       0x22 c:/ac6/systemworkbench/plugins/fr.ac6.mcu.externaltools.arm-none.win32_1.15.0.201708311556/tools/compiler/bin/../lib/gcc/arm-none-eabi/6.3.1/thumb/v7e-m/fpv4-sp/hard/crtn.o
OUTPUT(stm32_disco_blink.elf elf32-littlearm)

.debug_info     0x00000000    0x2701d
 .debug_info    0x00000000     0x2739 Drivers/BSP/STM32412G-Discovery/stm32412g_discovery.o
 .debug_info    0x00002739      0xa16 Drivers/STM32F4xx_HAL_Driver/Src/stm32f4xx_hal.o
 .debug_info    0x0000314f      0xf7e Drivers/STM32F4xx_HAL_Driver/Src/stm32f4xx_hal_cortex.o
 .debug_info    0x000040cd      0x813 Drivers/STM32F4xx_HAL_Driver/Src/stm32f4xx_hal_gpio.o
 .debug_info    0x000048e0     0x1343 Drivers/STM32F4xx_HAL_Driver/Src/stm32f4xx_hal_hcd.o
 .debug_info    0x00005c23     0x3334 Drivers/STM32F4xx_HAL_Driver/Src/stm32f4xx_hal_i2c.o
 .debug_info    0x00008f57     0x10e5 Drivers/STM32F4xx_HAL_Driver/Src/stm32f4xx_hal_i2s.o
 .debug_info    0x0000a03c      0xdeb Drivers/STM32F4xx_HAL_Driver/Src/stm32f4xx_hal_i2s_ex.o
 .debug_info    0x0000ae27     0x17ab Drivers/STM32F4xx_HAL_Driver/Src/stm32f4xx_hal_qspi.o
 .debug_info    0x0000c5d2      0xad7 Drivers/STM32F4xx_HAL_Driver/Src/stm32f4xx_hal_rcc.o
 .debug_info    0x0000d0a9      0x9f7 Drivers/STM32F4xx_HAL_Driver/Src/stm32f4xx_hal_rcc_ex.o
 .debug_info    0x0000daa0     0x2377 Drivers/STM32F4xx_HAL_Driver/Src/stm32f4xx_hal_sd.o
 .debug_info    0x0000fe17      0xc17 Drivers/STM32F4xx_HAL_Driver/Src/stm32f4xx_hal_sram.o
 .debug_info    0x00010a2e     0x171f Drivers/STM32F4xx_HAL_Driver/Src/stm32f4xx_hal_uart.o
 .debug_info    0x0001214d      0x527 Drivers/STM32F4xx_HAL_Driver/Src/stm32f4xx_ll_fsmc.o
 .debug_info    0x00012674     0x16b2 Drivers/STM32F4xx_HAL_Driver/Src/stm32f4xx_ll_sdmmc.o
 .debug_info    0x00013d26     0x1bc4 Drivers/STM32F4xx_HAL_Driver/Src/stm32f4xx_ll_usb.o
 .debug_info    0x000158ea     0x1f01 Middlewares/ST/STM32_USB_Host_Library/Class/CDC/Src/usbh_cdc.o
 .debug_info    0x000177eb     0x1ca6 Middlewares/ST/STM32_USB_Host_Library/Core/Src/usbh_core.o
 .debug_info    0x00019491     0x1aea Middlewares/ST/STM32_USB_Host_Library/Core/Src/usbh_ctlreq.o
 .debug_info    0x0001af7b     0x16fb Middlewares/ST/STM32_USB_Host_Library/Core/Src/usbh_ioreq.o
 .debug_info    0x0001c676     0x13a4 Middlewares/ST/STM32_USB_Host_Library/Core/Src/usbh_pipes.o
 .debug_info    0x0001da1a     0x200e Src/main.o
 .debug_info    0x0001fa28     0x1d06 Src/stm32f4xx_hal_msp.o
 .debug_info    0x0002172e      0x746 Src/stm32f4xx_it.o
 .debug_info    0x00021e74      0xfcf Src/syscalls.o
 .debug_info    0x00022e43      0x593 Src/system_stm32f4xx.o
 .debug_info    0x000233d6     0x1345 Src/usb_host.o
 .debug_info    0x0002471b     0x25e5 Src/usbh_conf.o
 .debug_info    0x00026d00      0x2aa Src/usbh_platform.o
 .debug_info    0x00026faa       0x73 startup/startup_stm32f412zx.o

.debug_abbrev   0x00000000     0x47eb
 .debug_abbrev  0x00000000      0x30f Drivers/BSP/STM32412G-Discovery/stm32412g_discovery.o
 .debug_abbrev  0x0000030f      0x1eb Drivers/STM32F4xx_HAL_Driver/Src/stm32f4xx_hal.o
 .debug_abbrev  0x000004fa      0x326 Drivers/STM32F4xx_HAL_Driver/Src/stm32f4xx_hal_cortex.o
 .debug_abbrev  0x00000820      0x1e5 Drivers/STM32F4xx_HAL_Driver/Src/stm32f4xx_hal_gpio.o
 .debug_abbrev  0x00000a05      0x27d Drivers/STM32F4xx_HAL_Driver/Src/stm32f4xx_hal_hcd.o
 .debug_abbrev  0x00000c82      0x273 Drivers/STM32F4xx_HAL_Driver/Src/stm32f4xx_hal_i2c.o
 .debug_abbrev  0x00000ef5      0x241 Drivers/STM32F4xx_HAL_Driver/Src/stm32f4xx_hal_i2s.o
 .debug_abbrev  0x00001136      0x27f Drivers/STM32F4xx_HAL_Driver/Src/stm32f4xx_hal_i2s_ex.o
 .debug_abbrev  0x000013b5      0x233 Drivers/STM32F4xx_HAL_Driver/Src/stm32f4xx_hal_qspi.o
 .debug_abbrev  0x000015e8      0x271 Drivers/STM32F4xx_HAL_Driver/Src/stm32f4xx_hal_rcc.o
 .debug_abbrev  0x00001859      0x1ab Drivers/STM32F4xx_HAL_Driver/Src/stm32f4xx_hal_rcc_ex.o
 .debug_abbrev  0x00001a04      0x260 Drivers/STM32F4xx_HAL_Driver/Src/stm32f4xx_hal_sd.o
 .debug_abbrev  0x00001c64      0x21d Drivers/STM32F4xx_HAL_Driver/Src/stm32f4xx_hal_sram.o
 .debug_abbrev  0x00001e81      0x286 Drivers/STM32F4xx_HAL_Driver/Src/stm32f4xx_hal_uart.o
 .debug_abbrev  0x00002107      0x174 Drivers/STM32F4xx_HAL_Driver/Src/stm32f4xx_ll_fsmc.o
 .debug_abbrev  0x0000227b      0x1f0 Drivers/STM32F4xx_HAL_Driver/Src/stm32f4xx_ll_sdmmc.o
 .debug_abbrev  0x0000246b      0x2ae Drivers/STM32F4xx_HAL_Driver/Src/stm32f4xx_ll_usb.o
 .debug_abbrev  0x00002719      0x35e Middlewares/ST/STM32_USB_Host_Library/Class/CDC/Src/usbh_cdc.o
 .debug_abbrev  0x00002a77      0x37e Middlewares/ST/STM32_USB_Host_Library/Core/Src/usbh_core.o
 .debug_abbrev  0x00002df5      0x350 Middlewares/ST/STM32_USB_Host_Library/Core/Src/usbh_ctlreq.o
 .debug_abbrev  0x00003145      0x28e Middlewares/ST/STM32_USB_Host_Library/Core/Src/usbh_ioreq.o
 .debug_abbrev  0x000033d3      0x2c8 Middlewares/ST/STM32_USB_Host_Library/Core/Src/usbh_pipes.o
 .debug_abbrev  0x0000369b      0x24d Src/main.o
 .debug_abbrev  0x000038e8      0x211 Src/stm32f4xx_hal_msp.o
 .debug_abbrev  0x00003af9      0x180 Src/stm32f4xx_it.o
 .debug_abbrev  0x00003c79      0x2d4 Src/syscalls.o
 .debug_abbrev  0x00003f4d      0x129 Src/system_stm32f4xx.o
 .debug_abbrev  0x00004076      0x2b1 Src/usb_host.o
 .debug_abbrev  0x00004327      0x386 Src/usbh_conf.o
 .debug_abbrev  0x000046ad      0x12c Src/usbh_platform.o
 .debug_abbrev  0x000047d9       0x12 startup/startup_stm32f412zx.o

.debug_loc      0x00000000    0x12d71
 .debug_loc     0x00000000      0xaa9 Drivers/BSP/STM32412G-Discovery/stm32412g_discovery.o
 .debug_loc     0x00000aa9      0x10d Drivers/STM32F4xx_HAL_Driver/Src/stm32f4xx_hal.o
 .debug_loc     0x00000bb6      0x616 Drivers/STM32F4xx_HAL_Driver/Src/stm32f4xx_hal_cortex.o
 .debug_loc     0x000011cc      0x435 Drivers/STM32F4xx_HAL_Driver/Src/stm32f4xx_hal_gpio.o
 .debug_loc     0x00001601      0xbe8 Drivers/STM32F4xx_HAL_Driver/Src/stm32f4xx_hal_hcd.o
 .debug_loc     0x000021e9     0x3733 Drivers/STM32F4xx_HAL_Driver/Src/stm32f4xx_hal_i2c.o
 .debug_loc     0x0000591c      0xe60 Drivers/STM32F4xx_HAL_Driver/Src/stm32f4xx_hal_i2s.o
 .debug_loc     0x0000677c      0xba0 Drivers/STM32F4xx_HAL_Driver/Src/stm32f4xx_hal_i2s_ex.o
 .debug_loc     0x0000731c     0x146f Drivers/STM32F4xx_HAL_Driver/Src/stm32f4xx_hal_qspi.o
 .debug_loc     0x0000878b      0x404 Drivers/STM32F4xx_HAL_Driver/Src/stm32f4xx_hal_rcc.o
 .debug_loc     0x00008b8f      0x7e7 Drivers/STM32F4xx_HAL_Driver/Src/stm32f4xx_hal_rcc_ex.o
 .debug_loc     0x00009376     0x1c23 Drivers/STM32F4xx_HAL_Driver/Src/stm32f4xx_hal_sd.o
 .debug_loc     0x0000af99      0x7c3 Drivers/STM32F4xx_HAL_Driver/Src/stm32f4xx_hal_sram.o
 .debug_loc     0x0000b75c     0x15a5 Drivers/STM32F4xx_HAL_Driver/Src/stm32f4xx_hal_uart.o
 .debug_loc     0x0000cd01      0x25b Drivers/STM32F4xx_HAL_Driver/Src/stm32f4xx_ll_fsmc.o
 .debug_loc     0x0000cf5c      0xe8f Drivers/STM32F4xx_HAL_Driver/Src/stm32f4xx_ll_sdmmc.o
 .debug_loc     0x0000ddeb     0x1eb7 Drivers/STM32F4xx_HAL_Driver/Src/stm32f4xx_ll_usb.o
 .debug_loc     0x0000fca2      0x623 Middlewares/ST/STM32_USB_Host_Library/Class/CDC/Src/usbh_cdc.o
 .debug_loc     0x000102c5      0x864 Middlewares/ST/STM32_USB_Host_Library/Core/Src/usbh_core.o
 .debug_loc     0x00010b29      0xb6c Middlewares/ST/STM32_USB_Host_Library/Core/Src/usbh_ctlreq.o
 .debug_loc     0x00011695      0x50f Middlewares/ST/STM32_USB_Host_Library/Core/Src/usbh_ioreq.o
 .debug_loc     0x00011ba4      0x1be Middlewares/ST/STM32_USB_Host_Library/Core/Src/usbh_pipes.o
 .debug_loc     0x00011d62      0x2b8 Src/stm32f4xx_hal_msp.o
 .debug_loc     0x0001201a      0x3ad Src/syscalls.o
 .debug_loc     0x000123c7      0x13e Src/system_stm32f4xx.o
 .debug_loc     0x00012505      0x817 Src/usbh_conf.o
 .debug_loc     0x00012d1c       0x55 Src/usbh_platform.o

.debug_aranges  0x00000000     0x1850
 .debug_aranges
                0x00000000      0x190 Drivers/BSP/STM32412G-Discovery/stm32412g_discovery.o
 .debug_aranges
                0x00000190       0xf0 Drivers/STM32F4xx_HAL_Driver/Src/stm32f4xx_hal.o
 .debug_aranges
                0x00000280       0xa8 Drivers/STM32F4xx_HAL_Driver/Src/stm32f4xx_hal_cortex.o
 .debug_aranges
                0x00000328       0x58 Drivers/STM32F4xx_HAL_Driver/Src/stm32f4xx_hal_gpio.o
 .debug_aranges
                0x00000380       0xf0 Drivers/STM32F4xx_HAL_Driver/Src/stm32f4xx_hal_hcd.o
 .debug_aranges
                0x00000470      0x298 Drivers/STM32F4xx_HAL_Driver/Src/stm32f4xx_hal_i2c.o
 .debug_aranges
                0x00000708      0x108 Drivers/STM32F4xx_HAL_Driver/Src/stm32f4xx_hal_i2s.o
 .debug_aranges
                0x00000810       0x88 Drivers/STM32F4xx_HAL_Driver/Src/stm32f4xx_hal_i2s_ex.o
 .debug_aranges
                0x00000898      0x168 Drivers/STM32F4xx_HAL_Driver/Src/stm32f4xx_hal_qspi.o
 .debug_aranges
                0x00000a00       0x88 Drivers/STM32F4xx_HAL_Driver/Src/stm32f4xx_hal_rcc.o
 .debug_aranges
                0x00000a88       0x60 Drivers/STM32F4xx_HAL_Driver/Src/stm32f4xx_hal_rcc_ex.o
 .debug_aranges
                0x00000ae8      0x168 Drivers/STM32F4xx_HAL_Driver/Src/stm32f4xx_hal_sd.o
 .debug_aranges
                0x00000c50       0xa0 Drivers/STM32F4xx_HAL_Driver/Src/stm32f4xx_hal_sram.o
 .debug_aranges
                0x00000cf0      0x1d0 Drivers/STM32F4xx_HAL_Driver/Src/stm32f4xx_hal_uart.o
 .debug_aranges
                0x00000ec0       0x48 Drivers/STM32F4xx_HAL_Driver/Src/stm32f4xx_ll_fsmc.o
 .debug_aranges
                0x00000f08      0x178 Drivers/STM32F4xx_HAL_Driver/Src/stm32f4xx_ll_sdmmc.o
 .debug_aranges
                0x00001080      0x198 Drivers/STM32F4xx_HAL_Driver/Src/stm32f4xx_ll_usb.o
 .debug_aranges
                0x00001218       0xa8 Middlewares/ST/STM32_USB_Host_Library/Class/CDC/Src/usbh_cdc.o
 .debug_aranges
                0x000012c0       0xc0 Middlewares/ST/STM32_USB_Host_Library/Core/Src/usbh_core.o
 .debug_aranges
                0x00001380       0xa0 Middlewares/ST/STM32_USB_Host_Library/Core/Src/usbh_ctlreq.o
 .debug_aranges
                0x00001420       0x60 Middlewares/ST/STM32_USB_Host_Library/Core/Src/usbh_ioreq.o
 .debug_aranges
                0x00001480       0x40 Middlewares/ST/STM32_USB_Host_Library/Core/Src/usbh_pipes.o
 .debug_aranges
                0x000014c0       0x70 Src/main.o
 .debug_aranges
                0x00001530       0x90 Src/stm32f4xx_hal_msp.o
 .debug_aranges
                0x000015c0       0x68 Src/stm32f4xx_it.o
 .debug_aranges
                0x00001628       0xb0 Src/syscalls.o
 .debug_aranges
                0x000016d8       0x28 Src/system_stm32f4xx.o
 .debug_aranges
                0x00001700       0x30 Src/usb_host.o
 .debug_aranges
                0x00001730       0xd8 Src/usbh_conf.o
 .debug_aranges
                0x00001808       0x20 Src/usbh_platform.o
 .debug_aranges
                0x00001828       0x28 startup/startup_stm32f412zx.o

.debug_ranges   0x00000000     0x1758
 .debug_ranges  0x00000000      0x180 Drivers/BSP/STM32412G-Discovery/stm32412g_discovery.o
 .debug_ranges  0x00000180       0xe0 Drivers/STM32F4xx_HAL_Driver/Src/stm32f4xx_hal.o
 .debug_ranges  0x00000260       0xf8 Drivers/STM32F4xx_HAL_Driver/Src/stm32f4xx_hal_cortex.o
 .debug_ranges  0x00000358       0x48 Drivers/STM32F4xx_HAL_Driver/Src/stm32f4xx_hal_gpio.o
 .debug_ranges  0x000003a0       0xe0 Drivers/STM32F4xx_HAL_Driver/Src/stm32f4xx_hal_hcd.o
 .debug_ranges  0x00000480      0x2a0 Drivers/STM32F4xx_HAL_Driver/Src/stm32f4xx_hal_i2c.o
 .debug_ranges  0x00000720      0x128 Drivers/STM32F4xx_HAL_Driver/Src/stm32f4xx_hal_i2s.o
 .debug_ranges  0x00000848       0x90 Drivers/STM32F4xx_HAL_Driver/Src/stm32f4xx_hal_i2s_ex.o
 .debug_ranges  0x000008d8      0x158 Drivers/STM32F4xx_HAL_Driver/Src/stm32f4xx_hal_qspi.o
 .debug_ranges  0x00000a30       0x90 Drivers/STM32F4xx_HAL_Driver/Src/stm32f4xx_hal_rcc.o
 .debug_ranges  0x00000ac0       0x68 Drivers/STM32F4xx_HAL_Driver/Src/stm32f4xx_hal_rcc_ex.o
 .debug_ranges  0x00000b28      0x158 Drivers/STM32F4xx_HAL_Driver/Src/stm32f4xx_hal_sd.o
 .debug_ranges  0x00000c80       0x90 Drivers/STM32F4xx_HAL_Driver/Src/stm32f4xx_hal_sram.o
 .debug_ranges  0x00000d10      0x1c0 Drivers/STM32F4xx_HAL_Driver/Src/stm32f4xx_hal_uart.o
 .debug_ranges  0x00000ed0       0x38 Drivers/STM32F4xx_HAL_Driver/Src/stm32f4xx_ll_fsmc.o
 .debug_ranges  0x00000f08      0x168 Drivers/STM32F4xx_HAL_Driver/Src/stm32f4xx_ll_sdmmc.o
 .debug_ranges  0x00001070      0x188 Drivers/STM32F4xx_HAL_Driver/Src/stm32f4xx_ll_usb.o
 .debug_ranges  0x000011f8       0x98 Middlewares/ST/STM32_USB_Host_Library/Class/CDC/Src/usbh_cdc.o
 .debug_ranges  0x00001290       0xb0 Middlewares/ST/STM32_USB_Host_Library/Core/Src/usbh_core.o
 .debug_ranges  0x00001340       0x90 Middlewares/ST/STM32_USB_Host_Library/Core/Src/usbh_ctlreq.o
 .debug_ranges  0x000013d0       0x50 Middlewares/ST/STM32_USB_Host_Library/Core/Src/usbh_ioreq.o
 .debug_ranges  0x00001420       0x30 Middlewares/ST/STM32_USB_Host_Library/Core/Src/usbh_pipes.o
 .debug_ranges  0x00001450       0x60 Src/main.o
 .debug_ranges  0x000014b0       0x80 Src/stm32f4xx_hal_msp.o
 .debug_ranges  0x00001530       0x58 Src/stm32f4xx_it.o
 .debug_ranges  0x00001588       0xa0 Src/syscalls.o
 .debug_ranges  0x00001628       0x18 Src/system_stm32f4xx.o
 .debug_ranges  0x00001640       0x20 Src/usb_host.o
 .debug_ranges  0x00001660       0xc8 Src/usbh_conf.o
 .debug_ranges  0x00001728       0x10 Src/usbh_platform.o
 .debug_ranges  0x00001738       0x20 startup/startup_stm32f412zx.o

.debug_macro    0x00000000    0x25f52
 .debug_macro   0x00000000      0x282 Drivers/BSP/STM32412G-Discovery/stm32412g_discovery.o
 .debug_macro   0x00000282      0x8b0 Drivers/BSP/STM32412G-Discovery/stm32412g_discovery.o
 .debug_macro   0x00000b32      0x1a8 Drivers/BSP/STM32412G-Discovery/stm32412g_discovery.o
 .debug_macro   0x00000cda       0x2e Drivers/BSP/STM32412G-Discovery/stm32412g_discovery.o
 .debug_macro   0x00000d08       0x28 Drivers/BSP/STM32412G-Discovery/stm32412g_discovery.o
 .debug_macro   0x00000d30       0x22 Drivers/BSP/STM32412G-Discovery/stm32412g_discovery.o
 .debug_macro   0x00000d52       0x87 Drivers/BSP/STM32412G-Discovery/stm32412g_discovery.o
 .debug_macro   0x00000dd9       0x51 Drivers/BSP/STM32412G-Discovery/stm32412g_discovery.o
 .debug_macro   0x00000e2a       0xef Drivers/BSP/STM32412G-Discovery/stm32412g_discovery.o
 .debug_macro   0x00000f19       0x6a Drivers/BSP/STM32412G-Discovery/stm32412g_discovery.o
 .debug_macro   0x00000f83      0x1df Drivers/BSP/STM32412G-Discovery/stm32412g_discovery.o
 .debug_macro   0x00001162       0x1c Drivers/BSP/STM32412G-Discovery/stm32412g_discovery.o
 .debug_macro   0x0000117e       0x22 Drivers/BSP/STM32412G-Discovery/stm32412g_discovery.o
 .debug_macro   0x000011a0       0xdf Drivers/BSP/STM32412G-Discovery/stm32412g_discovery.o
 .debug_macro   0x0000127f     0x102d Drivers/BSP/STM32412G-Discovery/stm32412g_discovery.o
 .debug_macro   0x000022ac      0x11f Drivers/BSP/STM32412G-Discovery/stm32412g_discovery.o
 .debug_macro   0x000023cb    0x14767 Drivers/BSP/STM32412G-Discovery/stm32412g_discovery.o
 .debug_macro   0x00016b32       0x43 Drivers/BSP/STM32412G-Discovery/stm32412g_discovery.o
 .debug_macro   0x00016b75     0x3659 Drivers/BSP/STM32412G-Discovery/stm32412g_discovery.o
 .debug_macro   0x0001a1ce      0x174 Drivers/BSP/STM32412G-Discovery/stm32412g_discovery.o
 .debug_macro   0x0001a342       0x5a Drivers/BSP/STM32412G-Discovery/stm32412g_discovery.o
 .debug_macro   0x0001a39c      0x96b Drivers/BSP/STM32412G-Discovery/stm32412g_discovery.o
 .debug_macro   0x0001ad07      0x9fe Drivers/BSP/STM32412G-Discovery/stm32412g_discovery.o
 .debug_macro   0x0001b705      0x16d Drivers/BSP/STM32412G-Discovery/stm32412g_discovery.o
 .debug_macro   0x0001b872      0x117 Drivers/BSP/STM32412G-Discovery/stm32412g_discovery.o
 .debug_macro   0x0001b989      0x192 Drivers/BSP/STM32412G-Discovery/stm32412g_discovery.o
 .debug_macro   0x0001bb1b       0x27 Drivers/BSP/STM32412G-Discovery/stm32412g_discovery.o
 .debug_macro   0x0001bb42      0x287 Drivers/BSP/STM32412G-Discovery/stm32412g_discovery.o
 .debug_macro   0x0001bdc9       0x5f Drivers/BSP/STM32412G-Discovery/stm32412g_discovery.o
 .debug_macro   0x0001be28      0x236 Drivers/BSP/STM32412G-Discovery/stm32412g_discovery.o
 .debug_macro   0x0001c05e      0x132 Drivers/BSP/STM32412G-Discovery/stm32412g_discovery.o
 .debug_macro   0x0001c190      0x29c Drivers/BSP/STM32412G-Discovery/stm32412g_discovery.o
 .debug_macro   0x0001c42c       0x2e Drivers/BSP/STM32412G-Discovery/stm32412g_discovery.o
 .debug_macro   0x0001c45a      0x383 Drivers/BSP/STM32412G-Discovery/stm32412g_discovery.o
 .debug_macro   0x0001c7dd      0x1b5 Drivers/BSP/STM32412G-Discovery/stm32412g_discovery.o
 .debug_macro   0x0001c992       0x22 Drivers/BSP/STM32412G-Discovery/stm32412g_discovery.o
 .debug_macro   0x0001c9b4       0xd6 Drivers/BSP/STM32412G-Discovery/stm32412g_discovery.o
 .debug_macro   0x0001ca8a      0x1b5 Drivers/BSP/STM32412G-Discovery/stm32412g_discovery.o
 .debug_macro   0x0001cc3f       0x46 Drivers/BSP/STM32412G-Discovery/stm32412g_discovery.o
 .debug_macro   0x0001cc85       0x4a Drivers/BSP/STM32412G-Discovery/stm32412g_discovery.o
 .debug_macro   0x0001cccf      0x11a Drivers/BSP/STM32412G-Discovery/stm32412g_discovery.o
 .debug_macro   0x0001cde9       0x91 Drivers/BSP/STM32412G-Discovery/stm32412g_discovery.o
 .debug_macro   0x0001ce7a       0x89 Drivers/BSP/STM32412G-Discovery/stm32412g_discovery.o
 .debug_macro   0x0001cf03      0x81b Drivers/BSP/STM32412G-Discovery/stm32412g_discovery.o
 .debug_macro   0x0001d71e      0x1d5 Drivers/BSP/STM32412G-Discovery/stm32412g_discovery.o
 .debug_macro   0x0001d8f3      0x287 Drivers/BSP/STM32412G-Discovery/stm32412g_discovery.o
 .debug_macro   0x0001db7a      0x21e Drivers/BSP/STM32412G-Discovery/stm32412g_discovery.o
 .debug_macro   0x0001dd98       0x68 Drivers/BSP/STM32412G-Discovery/stm32412g_discovery.o
 .debug_macro   0x0001de00      0x2d4 Drivers/BSP/STM32412G-Discovery/stm32412g_discovery.o
 .debug_macro   0x0001e0d4      0x126 Drivers/BSP/STM32412G-Discovery/stm32412g_discovery.o
 .debug_macro   0x0001e1fa      0x32e Drivers/BSP/STM32412G-Discovery/stm32412g_discovery.o
 .debug_macro   0x0001e528      0x2a3 Drivers/STM32F4xx_HAL_Driver/Src/stm32f4xx_hal.o
 .debug_macro   0x0001e7cb      0x243 Drivers/STM32F4xx_HAL_Driver/Src/stm32f4xx_hal_cortex.o
 .debug_macro   0x0001ea0e      0x279 Drivers/STM32F4xx_HAL_Driver/Src/stm32f4xx_hal_gpio.o
 .debug_macro   0x0001ec87      0x243 Drivers/STM32F4xx_HAL_Driver/Src/stm32f4xx_hal_hcd.o
 .debug_macro   0x0001eeca      0x283 Drivers/STM32F4xx_HAL_Driver/Src/stm32f4xx_hal_i2c.o
 .debug_macro   0x0001f14d      0x24b Drivers/STM32F4xx_HAL_Driver/Src/stm32f4xx_hal_i2s.o
 .debug_macro   0x0001f398      0x243 Drivers/STM32F4xx_HAL_Driver/Src/stm32f4xx_hal_i2s_ex.o
 .debug_macro   0x0001f5db      0x267 Drivers/STM32F4xx_HAL_Driver/Src/stm32f4xx_hal_qspi.o
 .debug_macro   0x0001f842      0x267 Drivers/STM32F4xx_HAL_Driver/Src/stm32f4xx_hal_rcc.o
 .debug_macro   0x0001faa9      0x243 Drivers/STM32F4xx_HAL_Driver/Src/stm32f4xx_hal_rcc_ex.o
 .debug_macro   0x0001fcec      0x244 Drivers/STM32F4xx_HAL_Driver/Src/stm32f4xx_hal_sd.o
 .debug_macro   0x0001ff30      0x243 Drivers/STM32F4xx_HAL_Driver/Src/stm32f4xx_hal_sram.o
 .debug_macro   0x00020173      0x244 Drivers/STM32F4xx_HAL_Driver/Src/stm32f4xx_hal_uart.o
 .debug_macro   0x000203b7      0x243 Drivers/STM32F4xx_HAL_Driver/Src/stm32f4xx_ll_fsmc.o
 .debug_macro   0x000205fa      0x244 Drivers/STM32F4xx_HAL_Driver/Src/stm32f4xx_ll_sdmmc.o
 .debug_macro   0x0002083e      0x243 Drivers/STM32F4xx_HAL_Driver/Src/stm32f4xx_ll_usb.o
 .debug_macro   0x00020a81      0x44c Middlewares/ST/STM32_USB_Host_Library/Class/CDC/Src/usbh_cdc.o
 .debug_macro   0x00020ecd       0x52 Middlewares/ST/STM32_USB_Host_Library/Class/CDC/Src/usbh_cdc.o
 .debug_macro   0x00020f1f       0x8d Middlewares/ST/STM32_USB_Host_Library/Class/CDC/Src/usbh_cdc.o
 .debug_macro   0x00020fac       0x35 Middlewares/ST/STM32_USB_Host_Library/Class/CDC/Src/usbh_cdc.o
 .debug_macro   0x00020fe1       0x9c Middlewares/ST/STM32_USB_Host_Library/Class/CDC/Src/usbh_cdc.o
 .debug_macro   0x0002107d       0x16 Middlewares/ST/STM32_USB_Host_Library/Class/CDC/Src/usbh_cdc.o
 .debug_macro   0x00021093       0x57 Middlewares/ST/STM32_USB_Host_Library/Class/CDC/Src/usbh_cdc.o
 .debug_macro   0x000210ea       0x97 Middlewares/ST/STM32_USB_Host_Library/Class/CDC/Src/usbh_cdc.o
 .debug_macro   0x00021181      0x330 Middlewares/ST/STM32_USB_Host_Library/Class/CDC/Src/usbh_cdc.o
 .debug_macro   0x000214b1       0xfd Middlewares/ST/STM32_USB_Host_Library/Class/CDC/Src/usbh_cdc.o
 .debug_macro   0x000215ae       0x10 Middlewares/ST/STM32_USB_Host_Library/Class/CDC/Src/usbh_cdc.o
 .debug_macro   0x000215be       0x58 Middlewares/ST/STM32_USB_Host_Library/Class/CDC/Src/usbh_cdc.o
 .debug_macro   0x00021616       0x1f Middlewares/ST/STM32_USB_Host_Library/Class/CDC/Src/usbh_cdc.o
 .debug_macro   0x00021635       0x43 Middlewares/ST/STM32_USB_Host_Library/Class/CDC/Src/usbh_cdc.o
 .debug_macro   0x00021678       0x20 Middlewares/ST/STM32_USB_Host_Library/Class/CDC/Src/usbh_cdc.o
 .debug_macro   0x00021698      0x187 Middlewares/ST/STM32_USB_Host_Library/Class/CDC/Src/usbh_cdc.o
 .debug_macro   0x0002181f       0x10 Middlewares/ST/STM32_USB_Host_Library/Class/CDC/Src/usbh_cdc.o
 .debug_macro   0x0002182f       0x1c Middlewares/ST/STM32_USB_Host_Library/Class/CDC/Src/usbh_cdc.o
 .debug_macro   0x0002184b       0x52 Middlewares/ST/STM32_USB_Host_Library/Class/CDC/Src/usbh_cdc.o
 .debug_macro   0x0002189d       0x40 Middlewares/ST/STM32_USB_Host_Library/Class/CDC/Src/usbh_cdc.o
 .debug_macro   0x000218dd       0x10 Middlewares/ST/STM32_USB_Host_Library/Class/CDC/Src/usbh_cdc.o
 .debug_macro   0x000218ed       0x40 Middlewares/ST/STM32_USB_Host_Library/Class/CDC/Src/usbh_cdc.o
 .debug_macro   0x0002192d       0xd7 Middlewares/ST/STM32_USB_Host_Library/Class/CDC/Src/usbh_cdc.o
 .debug_macro   0x00021a04       0x16 Middlewares/ST/STM32_USB_Host_Library/Class/CDC/Src/usbh_cdc.o
 .debug_macro   0x00021a1a      0x18b Middlewares/ST/STM32_USB_Host_Library/Class/CDC/Src/usbh_cdc.o
 .debug_macro   0x00021ba5       0x16 Middlewares/ST/STM32_USB_Host_Library/Class/CDC/Src/usbh_cdc.o
 .debug_macro   0x00021bbb       0x35 Middlewares/ST/STM32_USB_Host_Library/Class/CDC/Src/usbh_cdc.o
 .debug_macro   0x00021bf0       0x16 Middlewares/ST/STM32_USB_Host_Library/Class/CDC/Src/usbh_cdc.o
 .debug_macro   0x00021c06       0x29 Middlewares/ST/STM32_USB_Host_Library/Class/CDC/Src/usbh_cdc.o
 .debug_macro   0x00021c2f       0x16 Middlewares/ST/STM32_USB_Host_Library/Class/CDC/Src/usbh_cdc.o
 .debug_macro   0x00021c45       0xd9 Middlewares/ST/STM32_USB_Host_Library/Class/CDC/Src/usbh_cdc.o
 .debug_macro   0x00021d1e       0x54 Middlewares/ST/STM32_USB_Host_Library/Class/CDC/Src/usbh_cdc.o
 .debug_macro   0x00021d72      0x3db Middlewares/ST/STM32_USB_Host_Library/Class/CDC/Src/usbh_cdc.o
 .debug_macro   0x0002214d       0x73 Middlewares/ST/STM32_USB_Host_Library/Class/CDC/Src/usbh_cdc.o
 .debug_macro   0x000221c0      0x218 Middlewares/ST/STM32_USB_Host_Library/Class/CDC/Src/usbh_cdc.o
 .debug_macro   0x000223d8       0x2e Middlewares/ST/STM32_USB_Host_Library/Class/CDC/Src/usbh_cdc.o
 .debug_macro   0x00022406       0x2e Middlewares/ST/STM32_USB_Host_Library/Class/CDC/Src/usbh_cdc.o
 .debug_macro   0x00022434       0x28 Middlewares/ST/STM32_USB_Host_Library/Class/CDC/Src/usbh_cdc.o
 .debug_macro   0x0002245c      0x15c Middlewares/ST/STM32_USB_Host_Library/Class/CDC/Src/usbh_cdc.o
 .debug_macro   0x000225b8      0x449 Middlewares/ST/STM32_USB_Host_Library/Core/Src/usbh_core.o
 .debug_macro   0x00022a01      0x441 Middlewares/ST/STM32_USB_Host_Library/Core/Src/usbh_ctlreq.o
 .debug_macro   0x00022e42       0x28 Middlewares/ST/STM32_USB_Host_Library/Core/Src/usbh_ctlreq.o
 .debug_macro   0x00022e6a      0x43b Middlewares/ST/STM32_USB_Host_Library/Core/Src/usbh_ioreq.o
 .debug_macro   0x000232a5      0x43b Middlewares/ST/STM32_USB_Host_Library/Core/Src/usbh_pipes.o
 .debug_macro   0x000236e0      0x265 Src/main.o
 .debug_macro   0x00023945      0x334 Src/main.o
 .debug_macro   0x00023c79      0x252 Src/stm32f4xx_hal_msp.o
 .debug_macro   0x00023ecb      0x25c Src/stm32f4xx_it.o
 .debug_macro   0x00024127      0x236 Src/syscalls.o
 .debug_macro   0x0002435d       0x10 Src/syscalls.o
 .debug_macro   0x0002436d       0x10 Src/syscalls.o
 .debug_macro   0x0002437d       0x10 Src/syscalls.o
 .debug_macro   0x0002438d       0x35 Src/syscalls.o
 .debug_macro   0x000243c2      0x122 Src/syscalls.o
 .debug_macro   0x000244e4       0x10 Src/syscalls.o
 .debug_macro   0x000244f4      0x241 Src/syscalls.o
 .debug_macro   0x00024735       0x1c Src/syscalls.o
 .debug_macro   0x00024751       0x10 Src/syscalls.o
 .debug_macro   0x00024761      0x159 Src/syscalls.o
 .debug_macro   0x000248ba       0x16 Src/syscalls.o
 .debug_macro   0x000248d0       0x88 Src/syscalls.o
 .debug_macro   0x00024958      0x249 Src/system_stm32f4xx.o
 .debug_macro   0x00024ba1      0x44a Src/usb_host.o
 .debug_macro   0x00024feb       0x58 Src/usb_host.o
 .debug_macro   0x00025043      0x32a Src/usb_host.o
 .debug_macro   0x0002536d      0x3e1 Src/usb_host.o
 .debug_macro   0x0002574e      0x162 Src/usb_host.o
 .debug_macro   0x000258b0      0x44b Src/usbh_conf.o
 .debug_macro   0x00025cfb      0x257 Src/usbh_platform.o

.debug_line     0x00000000    0x15e49
 .debug_line    0x00000000      0xc49 Drivers/BSP/STM32412G-Discovery/stm32412g_discovery.o
 .debug_line    0x00000c49      0x97c Drivers/STM32F4xx_HAL_Driver/Src/stm32f4xx_hal.o
 .debug_line    0x000015c5      0x9b2 Drivers/STM32F4xx_HAL_Driver/Src/stm32f4xx_hal_cortex.o
 .debug_line    0x00001f77      0x905 Drivers/STM32F4xx_HAL_Driver/Src/stm32f4xx_hal_gpio.o
 .debug_line    0x0000287c      0xba3 Drivers/STM32F4xx_HAL_Driver/Src/stm32f4xx_hal_hcd.o